Microchip MPLAB XC8 Compiler V2.45

Linker command line:

-W-3 \
  --edf=C:\Program Files\Microchip\xc8\v2.45\pic\dat\20230818022343_en.msgs \
  -cn -h+dist/default/debug\project_2.X.debug.sym \
  --cmf=dist/default/debug\project_2.X.debug.cmf -z -Q18F4620 \
  -oC:\Users\mokhtar\AppData\Local\Temp\xcDshbs.3\driver_tmp_3.o \
  --defsym=__MPLAB_BUILD=1 --fixupoverflow=error \
  -Mdist/default/debug/project_2.X.debug.map \
  --md=C:\Users\mokhtar\AppData\Local\Temp\xcDshbs.3\driver_tmp_0.dat -E1 \
  -ver=XC8 Compiler --acfsm=1493 -ACODE=00h-0FFFFh -ACONST=00h-0FFFFh \
  -ASMALLCONST=01000h-010FFhx240 -AMEDIUMCONST=01000h-0FFFFh \
  -ACOMRAM=01h-07Fh -AABS1=00h-0F7Fh -ABIGRAM=01h-0F7Fh \
  -ARAM=080h-0FFh,0100h-01FFhx14,0F00h-0F7Fh -ABANK0=080h-0FFh \
  -ABANK1=0100h-01FFh -ABANK2=0200h-02FFh -ABANK3=0300h-03FFh \
  -ABANK4=0400h-04FFh -ABANK5=0500h-05FFh -ABANK6=0600h-06FFh \
  -ABANK7=0700h-07FFh -ABANK8=0800h-08FFh -ABANK9=0900h-09FFh \
  -ABANK10=0A00h-0AFFh -ABANK11=0B00h-0BFFh -ABANK12=0C00h-0CFFh \
  -ABANK13=0D00h-0DFFh -ABANK14=0E00h-0EFFh -ABANK15=0F00h-0F7Fh \
  -ASFR=0F80h-0FFFh -ABIGSFR=0F80h-0FFFh -ACONFIG=0300000h-030000Dh \
  -AIDLOC=0200000h-0200007h -AEEDATA=0F00000h-0F003FFh -peeprom_data=EEDATA \
  -preset_vec=00h,intcode=08h,intcodelo,powerup,init -pramtop=01000h \
  -psmallconst=SMALLCONST -pmediumconst=MEDIUMCONST -pconst=CONST \
  -AFARRAM=00h-00h \
  -prdata=COMRAM,nvrram=COMRAM,nvbit=COMRAM,rbss=COMRAM,rbit=COMRAM \
  -pfarbss=FARRAM,fardata=FARRAM,nvFARRAM=FARRAM \
  -pintsave_regs=BIGRAM,bigbss=BIGRAM,bigdata=BIGRAM -pbss=RAM \
  -pidata=CODE,irdata=CODE,ibigdata=CODE,ifardata=CODE -prparam=COMRAM \
  C:\Users\mokhtar\AppData\Local\Temp\xcDshbs.3\driver_tmp_14.o \
  dist/default/debug\project_2.X.debug.o 

Object code version is 3.11

Machine type is 18F4620



                Name                               Link     Load   Length Selector   Space Scale
C:\Users\mokhtar\AppData\Local\Temp\xcDshbs.3\driver_tmp_14.o
                config                           300000   300000        E        0       4
                init                                  E        E        4        4       0
                reset_vec                             0        0        4        0       0
dist/default/debug\project_2.X.debug.o
                intcode                               8        8        6        4       0
                config                           300000   300000        E        0       4
                temp                                 7B       7B        1        1       1
                smallconst                         1000     1000       78      800       0
                text92                             4D1A     4D1A        4     2682       0
                text91                             4D16     4D16        4     2682       0
                text90                             4D12     4D12        4     2682       0
                text89                             4D24     4D24        2     2682       0
                text88                             4D22     4D22        2     2682       0
                text87                             4B4A     4B4A       30     249D       0
                text86                             4B1A     4B1A       30     249D       0
                text85                             4AEA     4AEA       30     249D       0
                text84                             4D0E     4D0E        4     2682       0
                text83                             266C     266C      216      83C       0
                text82                             4ABA     4ABA       30     249D       0
                text81                             4C90     4C90       1A     249D       0
                text80                             4C76     4C76       1A     249D       0
                text79                             4C5C     4C5C       1A     249D       0
                text78                             4C42     4C42       1A     249D       0
                text77                             4CE6     4CE6        E     249D       0
                text76                             4CD8     4CD8        E     249D       0
                text75                             4CF4     4CF4        8     249D       0
                text74                             4CCA     4CCA        E     249D       0
                text73                             4D20     4D20        2     2682       0
                text72                             4D0A     4D0A        4     2682       0
                intcode_body                       1EDC     1EDC      3F6      83C       0
                text70                             465A     465A       4C      83C       0
                text69                             36EA     36EA       BE      83C       0
                text68                             354E     354E       D8      83C       0
                text67                             4976     4976       3A     249D       0
                text66                             4BA2     4BA2       24     249D       0
                text65                             40A2     40A2       7A      83C       0
                text64                             22D2     22D2      39A      83C       0
                text63                             1AB2     1AB2      42A      83C       0
                text62                             15F2     15F2      4C0      83C       0
                text61                             473A     473A       46      83C       0
                text60                             3352     3352      106      83C       0
                text59                             2A50     2A50      1B4      83C       0
                text58                             2FDC     2FDC      12E      83C       0
                text57                             4CBC     4CBC        E     249D       0
                text56                             4CAA     4CAA       12     249D       0
                text55                             49E8     49E8       38     249D       0
                text54                             3626     3626       C4      83C       0
                text53                             3918     3918       B0      83C       0
                text52                             4A56     4A56       34     249D       0
                text51                             4D1E     4D1E        2     2682       0
                text50                             37A8     37A8       BA      83C       0
                text49                             2882     2882      1CE      83C       0
                text48                             47C4     47C4       40      83C       0
                text47                             493A     493A       3C     249D       0
                text46                             460E     460E       4C      83C       0
                text45                             46F0     46F0       4A      83C       0
                text44                             4780     4780       44      83C       0
                text43                             3862     3862       B6      83C       0
                text42                             418E     418E       72      83C       0
                text41                             411C     411C       72      83C       0
                text40                             310A     310A      12C      83C       0
                text39                             4024     4024       7E      83C       0
                text38                             2EA8     2EA8      134      83C       0
                text37                             3236     3236      11C      83C       0
                text36                             4348     4348       6C      83C       0
                text35                             4A8A     4A8A       30     249D       0
                text34                             4C06     4C06       20     249D       0
                text33                             4BE6     4BE6       20     249D       0
                text32                             4BC6     4BC6       20     249D       0
                text31                             3A74     3A74       AC      83C       0
                text30                             44EC     44EC       66      83C       0
                text29                             3BC4     3BC4       9A      83C       0
                text28                             4C26     4C26       1C     249D       0
                text27                             46A6     46A6       4A      83C       0
                text26                             4D04     4D04        6     2682       0
                text25                             2D62     2D62      146      83C       0
                text24                             3E9A     3E9A       88      83C       0
                text23                             3FA6     3FA6       7E      83C       0
                text22                             48BE     48BE       3E      83C       0
                text21                             39C8     39C8       AC      83C       0
                text20                             3B20     3B20       A4      83C       0
                text19                             43B4     43B4       6A      83C       0
                text18                             2C04     2C04      15E      83C       0
                text17                             49B0     49B0       38     249D       0
                text16                             4200     4200       70      83C       0
                text15                             45B0     45B0       5E      83C       0
                text14                             3458     3458       F6      83C       0
                text13                             441E     441E       68      83C       0
                text12                             4A20     4A20       36     249D       0
                text11                             3F22     3F22       84      83C       0
                text10                             4552     4552       5E      83C       0
                text9                              3C5E     3C5E       98      83C       0
                text8                              3E0E     3E0E       8C      83C       0
                text7                              3D82     3D82       8C      83C       0
                text6                              4486     4486       66      83C       0
                text5                              42DC     42DC       6C      83C       0
                text4                              4270     4270       6C      83C       0
                text3                              4880     4880       3E      83C       0
                text2                              4842     4842       3E      83C       0
                text1                              4804     4804       3E      83C       0
                text0                              1078     1078      57A      83C       0
                cstackCOMRAM                          1        1       6E        1       1
                cstackBANK1                         16E      16E        4      100       1
                dataBANK1                           100      100       3D      100       1
                bssBANK1                            13D      13D       31      100       1
                dataBANK0                            D7       D7       28       80       1
                bssBANK0                             80       80       57       80       1
                dataCOMRAM                           6F       6F        7        1       1
                bssCOMRAM                            76       76        5        1       1
                cinit                              3CF6     3CF6       8C      83C       0
                idataBANK1                         48FC     48FC       3D      83C       0
                idataBANK0                         4B7A     4B7A       28     249D       0
                idataCOMRAM                        4CFC     4CFC        7     249D       0

TOTAL           Name                               Link     Load   Length     Space
        CLASS   CODE           
                intcode                               8        8        6         0
                init                                  E        E        4         0
                reset_vec                             0        0        4         0
                text92                             4D1A     4D1A        4         0
                text91                             4D16     4D16        4         0
                text90                             4D12     4D12        4         0
                text89                             4D24     4D24        2         0
                text88                             4D22     4D22        2         0
                text87                             4B4A     4B4A       30         0
                text86                             4B1A     4B1A       30         0
                text85                             4AEA     4AEA       30         0
                text84                             4D0E     4D0E        4         0
                text83                             266C     266C      216         0
                text82                             4ABA     4ABA       30         0
                text81                             4C90     4C90       1A         0
                text80                             4C76     4C76       1A         0
                text79                             4C5C     4C5C       1A         0
                text78                             4C42     4C42       1A         0
                text77                             4CE6     4CE6        E         0
                text76                             4CD8     4CD8        E         0
                text75                             4CF4     4CF4        8         0
                text74                             4CCA     4CCA        E         0
                text73                             4D20     4D20        2         0
                text72                             4D0A     4D0A        4         0
                intcode_body                       1EDC     1EDC      3F6         0
                text70                             465A     465A       4C         0
                text69                             36EA     36EA       BE         0
                text68                             354E     354E       D8         0
                text67                             4976     4976       3A         0
                text66                             4BA2     4BA2       24         0
                text65                             40A2     40A2       7A         0
                text64                             22D2     22D2      39A         0
                text63                             1AB2     1AB2      42A         0
                text62                             15F2     15F2      4C0         0
                text61                             473A     473A       46         0
                text60                             3352     3352      106         0
                text59                             2A50     2A50      1B4         0
                text58                             2FDC     2FDC      12E         0
                text57                             4CBC     4CBC        E         0
                text56                             4CAA     4CAA       12         0
                text55                             49E8     49E8       38         0
                text54                             3626     3626       C4         0
                text53                             3918     3918       B0         0
                text52                             4A56     4A56       34         0
                text51                             4D1E     4D1E        2         0
                text50                             37A8     37A8       BA         0
                text49                             2882     2882      1CE         0
                text48                             47C4     47C4       40         0
                text47                             493A     493A       3C         0
                text46                             460E     460E       4C         0
                text45                             46F0     46F0       4A         0
                text44                             4780     4780       44         0
                text43                             3862     3862       B6         0
                text42                             418E     418E       72         0
                text41                             411C     411C       72         0
                text40                             310A     310A      12C         0
                text39                             4024     4024       7E         0
                text38                             2EA8     2EA8      134         0
                text37                             3236     3236      11C         0
                text36                             4348     4348       6C         0
                text35                             4A8A     4A8A       30         0
                text34                             4C06     4C06       20         0
                text33                             4BE6     4BE6       20         0
                text32                             4BC6     4BC6       20         0
                text31                             3A74     3A74       AC         0
                text30                             44EC     44EC       66         0
                text29                             3BC4     3BC4       9A         0
                text28                             4C26     4C26       1C         0
                text27                             46A6     46A6       4A         0
                text26                             4D04     4D04        6         0
                text25                             2D62     2D62      146         0
                text24                             3E9A     3E9A       88         0
                text23                             3FA6     3FA6       7E         0
                text22                             48BE     48BE       3E         0
                text21                             39C8     39C8       AC         0
                text20                             3B20     3B20       A4         0
                text19                             43B4     43B4       6A         0
                text18                             2C04     2C04      15E         0
                text17                             49B0     49B0       38         0
                text16                             4200     4200       70         0
                text15                             45B0     45B0       5E         0
                text14                             3458     3458       F6         0
                text13                             441E     441E       68         0
                text12                             4A20     4A20       36         0
                text11                             3F22     3F22       84         0
                text10                             4552     4552       5E         0
                text9                              3C5E     3C5E       98         0
                text8                              3E0E     3E0E       8C         0
                text7                              3D82     3D82       8C         0
                text6                              4486     4486       66         0
                text5                              42DC     42DC       6C         0
                text4                              4270     4270       6C         0
                text3                              4880     4880       3E         0
                text2                              4842     4842       3E         0
                text1                              4804     4804       3E         0
                text0                              1078     1078      57A         0
                cinit                              3CF6     3CF6       8C         0
                idataBANK1                         48FC     48FC       3D         0
                idataBANK0                         4B7A     4B7A       28         0
                idataCOMRAM                        4CFC     4CFC        7         0

        CLASS   CONST          

        CLASS   SMALLCONST     
                smallconst                         1000     1000       78         0

        CLASS   MEDIUMCONST    

        CLASS   COMRAM         
                temp                                 7B       7B        1         1
                cstackCOMRAM                          1        1       6E         1
                dataCOMRAM                           6F       6F        7         1
                bssCOMRAM                            76       76        5         1

        CLASS   ABS1           

        CLASS   BIGRAM         

        CLASS   RAM            

        CLASS   BANK0          
                dataBANK0                            D7       D7       28         1
                bssBANK0                             80       80       57         1

        CLASS   BANK1          
                cstackBANK1                         16E      16E        4         1
                dataBANK1                           100      100       3D         1
                bssBANK1                            13D      13D       31         1

        CLASS   BANK2          

        CLASS   BANK3          

        CLASS   BANK4          

        CLASS   BANK5          

        CLASS   BANK6          

        CLASS   BANK7          

        CLASS   BANK8          

        CLASS   BANK9          

        CLASS   BANK10         

        CLASS   BANK11         

        CLASS   BANK12         

        CLASS   BANK13         

        CLASS   BANK14         

        CLASS   BANK15         

        CLASS   SFR            

        CLASS   BIGSFR         

        CLASS   CONFIG         
                config                           300000   300000        E         4

        CLASS   IDLOC          

        CLASS   EEDATA         

        CLASS   FARRAM         

        CLASS   HEAP           

        CLASS   STACK          



SEGMENTS        Name                           Load    Length   Top    Selector   Space  Class

                reset_vec                      000000  000004  000004         0       0  CODE    
                cstackCOMRAM                   000001  00007B  00007C         1       1  COMRAM  
                intcode                        000008  00000A  000012         4       0  CODE    
                bssBANK0                       000080  00007F  0000FF        80       1  BANK0   
                dataBANK1                      000100  000072  000172       100       1  BANK1   
                smallconst                     001000  000078  001078       800       0  SMALLCON
                text0                          001078  0038C1  004939       83C       0  CODE    
                text47                         00493A  0003C9  004D03      249D       0  CODE    
                text26                         004D04  000022  004D26      2682       0  CODE    


UNUSED ADDRESS RANGES

        Name                Unused          Largest block    Delta
        BANK0            0000FF-0000FF                1
        BANK1            000172-0001FF               8E
        BANK10           000A00-000AFF              100
        BANK11           000B00-000BFF              100
        BANK12           000C00-000CFF              100
        BANK13           000D00-000DFF              100
        BANK14           000E00-000EFF              100
        BANK15           000F00-000F7F               80
        BANK2            000200-0002FF              100
        BANK3            000300-0003FF              100
        BANK4            000400-0004FF              100
        BANK5            000500-0005FF              100
        BANK6            000600-0006FF              100
        BANK7            000700-0007FF              100
        BANK8            000800-0008FF              100
        BANK9            000900-0009FF              100
        BIGRAM           00007C-00007F                4
                         0000FF-0000FF                1
                         000172-000F7F              E0E
        BIGSFR           000F80-000FFF               80
        CODE             000004-000007                4
                         000012-000FFF              FEE
                         004939-004939                1
                         004D03-004D03                1
                         004D26-00FFFF             B2DA
        COMRAM           00007C-00007F                4
        CONST            000004-000007                4
                         000012-000FFF              FEE
                         004939-004939                1
                         004D03-004D03                1
                         004D26-00FFFF             B2DA
        EEDATA           F00000-F003FF              400
        IDLOC            200000-200007                8
        MEDIUMCONST      004939-004939                1
                         004D03-004D03                1
                         004D26-00FFFF             B2DA
        RAM              0000FF-0000FF                1
                         000172-000F7F              100
        SFR              000F80-000FFF               80
        SMALLCONST       004939-004939                1
                         004D03-004D03                1
                         004D26-00FFFF              100

                                  Symbol Table

?___awdiv                                       cstackCOMRAM 000004
?___awmod                                       cstackCOMRAM 000004
?___fladd                                       cstackCOMRAM 00002B
?___fldiv                                       cstackCOMRAM 000012
?___flmul                                       cstackCOMRAM 00003B
?___flsub                                       cstackCOMRAM 00003B
?___fltol                                       cstackCOMRAM 000054
?___lldiv                                       cstackCOMRAM 000010
?___lmul                                        cstackCOMRAM 000004
?___xxtofl                                      cstackCOMRAM 000004
?_abs                                           cstackCOMRAM 00000A
?_sprintf                                       cstackCOMRAM 00001D
?_vfprintf                                      cstackCOMRAM 000019
ADC_ISconversion_done@ADC_conf                  cstackCOMRAM 000004
ADC_ISconversion_done@conversion_status         cstackCOMRAM 000006
ADC_ISconversion_done@ret                       cstackCOMRAM 000007
ADC_ISconversion_result@ADC_conf                cstackCOMRAM 000004
ADC_ISconversion_result@conversion_result       cstackCOMRAM 000006
ADC_ISconversion_result@ret                     cstackCOMRAM 00000A
ADC_get_conversion_blocking@ADC_CHANNAL_SELECT  cstackCOMRAM 00000E
ADC_get_conversion_blocking@ADC_conf            cstackCOMRAM 00000C
ADC_get_conversion_blocking@conversion_status   cstackCOMRAM 00000F
ADC_get_conversion_blocking@l_conversion_status cstackCOMRAM 000010
ADC_get_conversion_blocking@ret                 cstackCOMRAM 000011
ADC_inti@ADC_conf                               cstackCOMRAM 000007
ADC_select_channal@ADC_CHANNAL_SELECT           cstackCOMRAM 000009
ADC_select_channal@ADC_conf                     cstackCOMRAM 000007
ADC_select_channal@ret                          cstackCOMRAM 00000B
ADC_start_conversion@ADC_conf                   cstackCOMRAM 000004
ADC_start_conversion@ret                        cstackCOMRAM 000006
GPIO_pIN_DIRECTION_INTIALIZE@config_pin         cstackCOMRAM 000004
GPIO_pIN_DIRECTION_INTIALIZE@ret                cstackCOMRAM 00000B
GPIO_pIN_INTIALIZE@config_pin                   cstackCOMRAM 00000D
GPIO_pIN_INTIALIZE@ret                          cstackCOMRAM 000010
GPIO_pIN_TOGGLE_LOGIC@config_pin                cstackCOMRAM 000004
GPIO_pIN_TOGGLE_LOGIC@ret                       cstackCOMRAM 000009
GPIO_pIN_WRITE_LOGIC@config_pin                 cstackCOMRAM 000004
GPIO_pIN_WRITE_LOGIC@logic                      cstackCOMRAM 000006
GPIO_pIN_WRITE_LOGIC@ret                        cstackCOMRAM 00000C
I2C_Master_Mode_Clock_Configurations@i2c_obj    cstackCOMRAM 00005E
I2C_Slave_Mode_Configurations@i2c_obj           cstackCOMRAM 000004
INT0_setinterrupthandler@interrupthandler       cstackCOMRAM 000004
INT1_setinterrupthandler@interrupthandler       cstackCOMRAM 000004
INT2_setinterrupthandler@interrupthandler       cstackCOMRAM 000004
Interrupt_Intx_Inti@INTERRUPT_INTX              cstackCOMRAM 000014
Interrupt_Intx_Inti@ret                         cstackCOMRAM 000016
MSSP_I2C_Init@i2c_obj                           cstackCOMRAM 000061
MSSP_I2C_Interrupt_Configurations@i2c_obj       cstackCOMRAM 000004
RB4_ISR@value                                   cstackCOMRAM 000001
RB5_ISR@value                                   cstackCOMRAM 000001
RB6_ISR@value                                   cstackCOMRAM 000001
RB7_ISR@value                                   cstackCOMRAM 000001
Timer2_init@Timer2                              cstackCOMRAM 000004
Timer3_init@Timer3                              cstackCOMRAM 000006
_ADCON0bits                                     (abs)        000FC2
_ADCON1bits                                     (abs)        000FC1
_ADCON2bits                                     (abs)        000FC0
_ADC_                                           dataBANK1    000137
_ADC_INTERRUPTHANDLER                           bssBANK0     0000BA
_ADC_ISconversion_done                          text70       00465A
_ADC_ISconversion_result                        text69       0036EA
_ADC_get_conversion_blocking                    text65       0040A2
_ADC_handeler_funvtion                          text92       004D1A
_ADC_inti                                       text43       003862
_ADC_select_channal                             text67       004976
_ADC_start_conversion                           text66       004BA2
_ADRESH                                         (abs)        000FC4
_ADRESL                                         (abs)        000FC3
_BAUDCONbits                                    (abs)        000FB8
_CCP1CONbits                                    (abs)        000FBD
_CCP1_ISR                                       text91       004D16
_CCP1_Interrupthandler                          bssBANK0     0000B8
_CCP2CONbits                                    (abs)        000FBA
_CCP2_ISR                                       text90       004D12
_CCP2_Interrupthandler                          bssBANK0     0000B6
_CCPR1L                                         (abs)        000FBE
_CCPR2L                                         (abs)        000FBB
_EEADR                                          (abs)        000FA9
_EEADRH                                         (abs)        000FAA
_EECON1bits                                     (abs)        000FA6
_EECON2                                         (abs)        000FA7
_EEDATA                                         (abs)        000FA8
_GPIO_pIN_DIRECTION_INTIALIZE                   text38       002EA8
_GPIO_pIN_INTIALIZE                             text36       004348
_GPIO_pIN_TOGGLE_LOGIC                          text7        003D82
_GPIO_pIN_WRITE_LOGIC                           text37       003236
_I2C_DefaultInterruptHandle                     bssBANK0     0000B2
_I2C_Master_Mode_Clock_Configurations           text29       003BC4
_I2C_Report_Receive_Overflow_InterruptHandle    bssBANK0     0000B0
_I2C_Report_Write_Collision_InterruptHandler    bssBANK0     0000B4
_I2C_Slave_Mode_Configurations                  text28       004C26
_INT0_ISR                                       text87       004B4A
_INT0_setinterrupthandler                       text34       004C06
_INT1_ISR                                       text86       004B1A
_INT1_setinterrupthandler                       text33       004BE6
_INT2_ISR                                       text85       004AEA
_INT2_setinterrupthandler                       text32       004BC6
_INTCON2bits                                    (abs)        000FF1
_INTCON3bits                                    (abs)        000FF0
_INTCONbits                                     (abs)        000FF2
_INT_0                                          dataBANK1    000131
_INT_1                                          dataBANK1    00012B
_IPR2bits                                       (abs)        000FA2
_Int0_interrupthandler                          bssBANK0     0000AE
_Int1_interrupthandler                          bssBANK0     0000AC
_Int2_interrupthandler                          bssBANK0     0000AA
_Interrupt_Intx_Inti                            text30       0044EC
_LATA                                           (abs)        000F89
_LATB                                           (abs)        000F8A
_LATC                                           (abs)        000F8B
_LATD                                           (abs)        000F8C
_LATE                                           (abs)        000F8D
_MSSP_I2C_BC_ISR                                text84       004D0E
_MSSP_I2C_ISR                                   text82       004ABA
_MSSP_I2C_Init                                  text25       002D62
_MSSP_I2C_Interrupt_Configurations              text27       0046A6
_MSSP_I2C_Mode_GPIO_CFG                         text26       004D04
_PIE1bits                                       (abs)        000F9D
_PIE2bits                                       (abs)        000FA0
_PIR1bits                                       (abs)        000F9E
_PIR2bits                                       (abs)        000FA1
_PORTA                                          (abs)        000F80
_PORTB                                          (abs)        000F81
_PORTBbits                                      (abs)        000F81
_PORTC                                          (abs)        000F82
_PORTD                                          (abs)        000F83
_PORTE                                          (abs)        000F84
_PR2                                            (abs)        000FCB
_RB4_ISR                                        text81       004C90
_RB4_interrupthandler_high                      bssBANK0     0000A8
_RB4_interrupthandler_low                       bssBANK0     0000A6
_RB5_ISR                                        text80       004C76
_RB5_interrupthandler_high                      bssBANK0     0000A4
_RB5_interrupthandler_low                       bssBANK0     0000A2
_RB6_ISR                                        text79       004C5C
_RB6_interrupthandler_high                      bssBANK0     0000A0
_RB6_interrupthandler_low                       bssBANK0     00009E
_RB7_ISR                                        text78       004C42
_RB7_interrupthandler_high                      bssBANK0     00009C
_RB7_interrupthandler_low                       bssBANK0     00009A
_RC6                                            (abs)        007C16
_RCREG                                          (abs)        000FAE
_RCSTAbits                                      (abs)        000FAB
_SPBRG                                          (abs)        000FAF
_SPBRGH                                         (abs)        000FB0
_SSPADD                                         (abs)        000FC8
_SSPBUF                                         (abs)        000FC9
_SSPCON1bits                                    (abs)        000FC6
_SSPCON2bits                                    (abs)        000FC5
_SSPSTATbits                                    (abs)        000FC7
_T0CONbits                                      (abs)        000FD5
_T1CONbits                                      (abs)        000FCD
_T2CONbits                                      (abs)        000FCA
_T3CONbits                                      (abs)        000FB1
_TIMER0_ISR                                     text77       004CE6
_TIMER0_Interrupthandler                        bssBANK0     000098
_TIMER1_ISR                                     text76       004CD8
_TIMER1_Interrupthandler                        bssBANK0     000094
_TIMER2_ISR                                     text75       004CF4
_TIMER2_Interrupthandler                        bssBANK0     000090
_TIMER3_ISR                                     text74       004CCA
_TIMER3_Interrupthandler                        bssBANK0     00008E
_TMR0H                                          (abs)        000FD7
_TMR0L                                          (abs)        000FD6
_TMR1                                           (abs)        000FCE
_TMR1H                                          (abs)        000FCF
_TMR1L                                          (abs)        000FCE
_TMR2                                           (abs)        000FCC
_TMR3H                                          (abs)        000FB3
_TMR3L                                          (abs)        000FB2
_TRISA                                          (abs)        000F92
_TRISB                                          (abs)        000F93
_TRISC                                          (abs)        000F94
_TRISCbits                                      (abs)        000F94
_TRISD                                          (abs)        000F95
_TRISE                                          (abs)        000F96
_TXREG                                          (abs)        000FAD
_TXSTAbits                                      (abs)        000FAC
_Timer0_preload                                 bssBANK0     000096
_Timer1_preload                                 bssBANK0     000092
_Timer2                                         bssBANK0     0000D1
_Timer2_init                                    text24       003E9A
_Timer2_preload                                 bssBANK0     0000C8
_Timer3_1                                       bssBANK1     000169
_Timer3_init                                    text21       0039C8
_Timer3_preload                                 bssBANK0     00008C
_USART_FRAMERROR_Interrupthandler               bssBANK0     000086
_USART_OVERRUN_Interrupthandler                 bssBANK0     000084
_USART_RX_ISR                                   text73       004D20
_USART_RX_Interrupthandler                      bssBANK0     000088
_USART_TX_ISR                                   text72       004D0A
_USART_TX_Interrupthandler                      bssBANK0     00008A
__HRAM                                          (abs)        000000
__H__absolute__                                 __absolute__ 000000
__Habs1                                         abs1         000000
__Hbank0                                        bank0        000000
__Hbank1                                        bank1        000000
__Hbank10                                       bank10       000000
__Hbank11                                       bank11       000000
__Hbank12                                       bank12       000000
__Hbank13                                       bank13       000000
__Hbank14                                       bank14       000000
__Hbank15                                       bank15       000000
__Hbank2                                        bank2        000000
__Hbank3                                        bank3        000000
__Hbank4                                        bank4        000000
__Hbank5                                        bank5        000000
__Hbank6                                        bank6        000000
__Hbank7                                        bank7        000000
__Hbank8                                        bank8        000000
__Hbank9                                        bank9        000000
__Hbigbss                                       bigbss       000000
__Hbigdata                                      bigdata      000000
__Hbigram                                       bigram       000000
__Hbigsfr                                       bigsfr       000000
__Hbss                                          bss          000000
__HbssBANK0                                     bssBANK0     000000
__HbssBANK1                                     bssBANK1     000000
__HbssCOMRAM                                    bssCOMRAM    000000
__Hcinit                                        cinit        000000
__Hclrtext                                      clrtext      000000
__Hcomram                                       comram       000000
__Hconfig                                       config       30000E
__Hconst                                        const        000000
__HcstackBANK1                                  cstackBANK1  000000
__HcstackCOMRAM                                 cstackCOMRAM 000000
__Hdata                                         data         000000
__HdataBANK0                                    dataBANK0    000000
__HdataBANK1                                    dataBANK1    000000
__HdataCOMRAM                                   dataCOMRAM   000000
__Heeprom_data                                  eeprom_data  000000
__Hfarbss                                       farbss       000000
__Hfardata                                      fardata      000000
__Hheap                                         heap         000000
__Hibigdata                                     ibigdata     000000
__Hidata                                        idata        000000
__HidataBANK0                                   idataBANK0   000000
__HidataBANK1                                   idataBANK1   000000
__HidataCOMRAM                                  idataCOMRAM  000000
__Hidloc                                        idloc        000000
__Hifardata                                     ifardata     000000
__Hinit                                         init         000012
__Hintcode                                      intcode      00000E
__Hintcode_body                                 intcode_body 000000
__Hintcodelo                                    intcodelo    00000E
__Hintentry                                     intentry     000000
__Hintret                                       intret       000000
__Hintsave_regs                                 intsave_regs 000000
__Hirdata                                       irdata       000000
__Hmediumconst                                  mediumconst  000000
__HnvFARRAM                                     nvFARRAM     000000
__Hnvbit                                        nvbit        000000
__Hnvrram                                       nvrram       000000
__Hparam                                        rparam       000000
__Hpowerup                                      powerup      00000E
__Hram                                          ram          000000
__Hramtop                                       ramtop       001000
__Hrbit                                         rbit         000000
__Hrbss                                         rbss         000000
__Hrdata                                        rdata        000000
__Hreset_vec                                    reset_vec    000004
__Hrparam                                       rparam       000000
__Hsfr                                          sfr          000000
__Hsmallconst                                   smallconst   001078
__Hspace_0                                      (abs)        004D26
__Hspace_1                                      (abs)        000172
__Hspace_2                                      (abs)        000000
__Hspace_4                                      (abs)        60000E
__Hstack                                        stack        000000
__Hstruct                                       struct       000000
__Htemp                                         temp         00007C
__Htext                                         text         000000
__Htext0                                        text0        000000
__Htext1                                        text1        000000
__Htext10                                       text10       000000
__Htext11                                       text11       000000
__Htext12                                       text12       000000
__Htext13                                       text13       000000
__Htext14                                       text14       000000
__Htext15                                       text15       000000
__Htext16                                       text16       000000
__Htext17                                       text17       000000
__Htext18                                       text18       000000
__Htext19                                       text19       000000
__Htext2                                        text2        000000
__Htext20                                       text20       000000
__Htext21                                       text21       000000
__Htext22                                       text22       000000
__Htext23                                       text23       000000
__Htext24                                       text24       000000
__Htext25                                       text25       000000
__Htext26                                       text26       000000
__Htext27                                       text27       000000
__Htext28                                       text28       000000
__Htext29                                       text29       000000
__Htext3                                        text3        000000
__Htext30                                       text30       000000
__Htext31                                       text31       000000
__Htext32                                       text32       000000
__Htext33                                       text33       000000
__Htext34                                       text34       000000
__Htext35                                       text35       000000
__Htext36                                       text36       000000
__Htext37                                       text37       000000
__Htext38                                       text38       000000
__Htext39                                       text39       000000
__Htext4                                        text4        000000
__Htext40                                       text40       000000
__Htext41                                       text41       000000
__Htext42                                       text42       000000
__Htext43                                       text43       000000
__Htext44                                       text44       000000
__Htext45                                       text45       000000
__Htext46                                       text46       000000
__Htext47                                       text47       000000
__Htext48                                       text48       000000
__Htext49                                       text49       000000
__Htext5                                        text5        000000
__Htext50                                       text50       000000
__Htext51                                       text51       000000
__Htext52                                       text52       000000
__Htext53                                       text53       000000
__Htext54                                       text54       000000
__Htext55                                       text55       000000
__Htext56                                       text56       000000
__Htext57                                       text57       000000
__Htext58                                       text58       000000
__Htext59                                       text59       000000
__Htext6                                        text6        000000
__Htext60                                       text60       000000
__Htext61                                       text61       000000
__Htext62                                       text62       000000
__Htext63                                       text63       000000
__Htext64                                       text64       000000
__Htext65                                       text65       000000
__Htext66                                       text66       000000
__Htext67                                       text67       000000
__Htext68                                       text68       000000
__Htext69                                       text69       000000
__Htext7                                        text7        000000
__Htext70                                       text70       000000
__Htext72                                       text72       000000
__Htext73                                       text73       000000
__Htext74                                       text74       000000
__Htext75                                       text75       000000
__Htext76                                       text76       000000
__Htext77                                       text77       000000
__Htext78                                       text78       000000
__Htext79                                       text79       000000
__Htext8                                        text8        000000
__Htext80                                       text80       000000
__Htext81                                       text81       000000
__Htext82                                       text82       000000
__Htext83                                       text83       000000
__Htext84                                       text84       000000
__Htext85                                       text85       000000
__Htext86                                       text86       000000
__Htext87                                       text87       000000
__Htext88                                       text88       000000
__Htext89                                       text89       000000
__Htext9                                        text9        000000
__Htext90                                       text90       000000
__Htext91                                       text91       000000
__Htext92                                       text92       000000
__Htext93                                       text93       000000
__LRAM                                          (abs)        000001
__L__absolute__                                 __absolute__ 000000
__Labs1                                         abs1         000000
__Lbank0                                        bank0        000000
__Lbank1                                        bank1        000000
__Lbank10                                       bank10       000000
__Lbank11                                       bank11       000000
__Lbank12                                       bank12       000000
__Lbank13                                       bank13       000000
__Lbank14                                       bank14       000000
__Lbank15                                       bank15       000000
__Lbank2                                        bank2        000000
__Lbank3                                        bank3        000000
__Lbank4                                        bank4        000000
__Lbank5                                        bank5        000000
__Lbank6                                        bank6        000000
__Lbank7                                        bank7        000000
__Lbank8                                        bank8        000000
__Lbank9                                        bank9        000000
__Lbigbss                                       bigbss       000000
__Lbigdata                                      bigdata      000000
__Lbigram                                       bigram       000000
__Lbigsfr                                       bigsfr       000000
__Lbss                                          bss          000000
__LbssBANK0                                     bssBANK0     000000
__LbssBANK1                                     bssBANK1     000000
__LbssCOMRAM                                    bssCOMRAM    000000
__Lcinit                                        cinit        000000
__Lclrtext                                      clrtext      000000
__Lcomram                                       comram       000000
__Lconfig                                       config       000000
__Lconst                                        const        000000
__LcstackBANK1                                  cstackBANK1  000000
__LcstackCOMRAM                                 cstackCOMRAM 000000
__Ldata                                         data         000000
__LdataBANK0                                    dataBANK0    000000
__LdataBANK1                                    dataBANK1    000000
__LdataCOMRAM                                   dataCOMRAM   000000
__Leeprom_data                                  eeprom_data  000000
__Lfarbss                                       farbss       000000
__Lfardata                                      fardata      000000
__Lheap                                         heap         000000
__Libigdata                                     ibigdata     000000
__Lidata                                        idata        000000
__LidataBANK0                                   idataBANK0   000000
__LidataBANK1                                   idataBANK1   000000
__LidataCOMRAM                                  idataCOMRAM  000000
__Lidloc                                        idloc        000000
__Lifardata                                     ifardata     000000
__Linit                                         init         00000E
__Lintcode                                      intcode      000008
__Lintcode_body                                 intcode_body 000000
__Lintcodelo                                    intcodelo    00000E
__Lintentry                                     intentry     000000
__Lintret                                       intret       000000
__Lintsave_regs                                 intsave_regs 000000
__Lirdata                                       irdata       000000
__Lmediumconst                                  mediumconst  000000
__LnvFARRAM                                     nvFARRAM     000000
__Lnvbit                                        nvbit        000000
__Lnvrram                                       nvrram       000000
__Lparam                                        rparam       000000
__Lpowerup                                      powerup      00000E
__Lram                                          ram          000000
__Lramtop                                       ramtop       001000
__Lrbit                                         rbit         000000
__Lrbss                                         rbss         000000
__Lrdata                                        rdata        000000
__Lreset_vec                                    reset_vec    000000
__Lrparam                                       rparam       000000
__Lsfr                                          sfr          000000
__Lsmallconst                                   smallconst   001000
__Lspace_0                                      (abs)        000000
__Lspace_1                                      (abs)        000000
__Lspace_2                                      (abs)        000000
__Lspace_4                                      (abs)        000000
__Lstack                                        stack        000000
__Lstruct                                       struct       000000
__Ltemp                                         temp         00007B
__Ltext                                         text         000000
__Ltext0                                        text0        000000
__Ltext1                                        text1        000000
__Ltext10                                       text10       000000
__Ltext11                                       text11       000000
__Ltext12                                       text12       000000
__Ltext13                                       text13       000000
__Ltext14                                       text14       000000
__Ltext15                                       text15       000000
__Ltext16                                       text16       000000
__Ltext17                                       text17       000000
__Ltext18                                       text18       000000
__Ltext19                                       text19       000000
__Ltext2                                        text2        000000
__Ltext20                                       text20       000000
__Ltext21                                       text21       000000
__Ltext22                                       text22       000000
__Ltext23                                       text23       000000
__Ltext24                                       text24       000000
__Ltext25                                       text25       000000
__Ltext26                                       text26       000000
__Ltext27                                       text27       000000
__Ltext28                                       text28       000000
__Ltext29                                       text29       000000
__Ltext3                                        text3        000000
__Ltext30                                       text30       000000
__Ltext31                                       text31       000000
__Ltext32                                       text32       000000
__Ltext33                                       text33       000000
__Ltext34                                       text34       000000
__Ltext35                                       text35       000000
__Ltext36                                       text36       000000
__Ltext37                                       text37       000000
__Ltext38                                       text38       000000
__Ltext39                                       text39       000000
__Ltext4                                        text4        000000
__Ltext40                                       text40       000000
__Ltext41                                       text41       000000
__Ltext42                                       text42       000000
__Ltext43                                       text43       000000
__Ltext44                                       text44       000000
__Ltext45                                       text45       000000
__Ltext46                                       text46       000000
__Ltext47                                       text47       000000
__Ltext48                                       text48       000000
__Ltext49                                       text49       000000
__Ltext5                                        text5        000000
__Ltext50                                       text50       000000
__Ltext51                                       text51       000000
__Ltext52                                       text52       000000
__Ltext53                                       text53       000000
__Ltext54                                       text54       000000
__Ltext55                                       text55       000000
__Ltext56                                       text56       000000
__Ltext57                                       text57       000000
__Ltext58                                       text58       000000
__Ltext59                                       text59       000000
__Ltext6                                        text6        000000
__Ltext60                                       text60       000000
__Ltext61                                       text61       000000
__Ltext62                                       text62       000000
__Ltext63                                       text63       000000
__Ltext64                                       text64       000000
__Ltext65                                       text65       000000
__Ltext66                                       text66       000000
__Ltext67                                       text67       000000
__Ltext68                                       text68       000000
__Ltext69                                       text69       000000
__Ltext7                                        text7        000000
__Ltext70                                       text70       000000
__Ltext72                                       text72       000000
__Ltext73                                       text73       000000
__Ltext74                                       text74       000000
__Ltext75                                       text75       000000
__Ltext76                                       text76       000000
__Ltext77                                       text77       000000
__Ltext78                                       text78       000000
__Ltext79                                       text79       000000
__Ltext8                                        text8        000000
__Ltext80                                       text80       000000
__Ltext81                                       text81       000000
__Ltext82                                       text82       000000
__Ltext83                                       text83       000000
__Ltext84                                       text84       000000
__Ltext85                                       text85       000000
__Ltext86                                       text86       000000
__Ltext87                                       text87       000000
__Ltext88                                       text88       000000
__Ltext89                                       text89       000000
__Ltext9                                        text9        000000
__Ltext90                                       text90       000000
__Ltext91                                       text91       000000
__Ltext92                                       text92       000000
__Ltext93                                       text93       000000
__S0                                            (abs)        004D26
__S1                                            (abs)        000172
__S4                                            (abs)        000000
__S5                                            (abs)        000000
___awdiv                                        text54       003626
___awdiv@counter                                cstackCOMRAM 000008
___awdiv@dividend                               cstackCOMRAM 000004
___awdiv@divisor                                cstackCOMRAM 000006
___awdiv@quotient                               cstackCOMRAM 00000A
___awdiv@sign                                   cstackCOMRAM 000009
___awmod                                        text53       003918
___awmod@counter                                cstackCOMRAM 000008
___awmod@dividend                               cstackCOMRAM 000004
___awmod@divisor                                cstackCOMRAM 000006
___awmod@sign                                   cstackCOMRAM 000009
___fladd                                        text62       0015F2
___fladd@a                                      cstackCOMRAM 00002F
___fladd@aexp                                   cstackCOMRAM 000038
___fladd@b                                      cstackCOMRAM 00002B
___fladd@bexp                                   cstackCOMRAM 000039
___fladd@grs                                    cstackCOMRAM 00003A
___fladd@signs                                  cstackCOMRAM 000037
___fldiv                                        text64       0022D2
___fldiv@a                                      cstackCOMRAM 000016
___fldiv@aexp                                   cstackCOMRAM 00002A
___fldiv@b                                      cstackCOMRAM 000012
___fldiv@bexp                                   cstackCOMRAM 000029
___fldiv@grs                                    cstackCOMRAM 000025
___fldiv@new_exp                                cstackCOMRAM 000023
___fldiv@rem                                    cstackCOMRAM 00001E
___fldiv@sign                                   cstackCOMRAM 000022
___flmul                                        text63       001AB2
___flmul@a                                      cstackCOMRAM 00003F
___flmul@aexp                                   cstackCOMRAM 000048
___flmul@b                                      cstackCOMRAM 00003B
___flmul@bexp                                   cstackCOMRAM 00004D
___flmul@grs                                    cstackCOMRAM 000049
___flmul@prod                                   cstackCOMRAM 00004E
___flmul@sign                                   cstackCOMRAM 000047
___flmul@temp                                   cstackCOMRAM 000052
___flsub                                        text61       00473A
___flsub@a                                      cstackCOMRAM 00003F
___flsub@b                                      cstackCOMRAM 00003B
___fltol                                        text60       003352
___fltol@exp1                                   cstackCOMRAM 00005D
___fltol@f1                                     cstackCOMRAM 000054
___fltol@sign1                                  cstackCOMRAM 00005C
___heap_hi                                      (abs)        000000
___heap_lo                                      (abs)        000000
___inthi_sp                                     stack        000000
___inthi_stack_hi                               stack        000000
___inthi_stack_lo                               stack        000000
___intlo_sp                                     stack        000000
___intlo_stack_hi                               stack        000000
___intlo_stack_lo                               stack        000000
___lldiv                                        text20       003B20
___lldiv@counter                                cstackCOMRAM 00001C
___lldiv@dividend                               cstackCOMRAM 000010
___lldiv@divisor                                cstackCOMRAM 000014
___lldiv@quotient                               cstackCOMRAM 000018
___lmul                                         text19       0043B4
___lmul@multiplicand                            cstackCOMRAM 000008
___lmul@multiplier                              cstackCOMRAM 000004
___lmul@product                                 cstackCOMRAM 00000C
___param_bank                                   (abs)        000000
___rparam_used                                  (abs)        000001
___sp                                           stack        000000
___stack_hi                                     stack        000000
___stack_lo                                     stack        000000
___xxtofl                                       text59       002A50
___xxtofl@arg                                   cstackCOMRAM 00000E
___xxtofl@exp                                   cstackCOMRAM 00000D
___xxtofl@sign                                  cstackCOMRAM 00000C
___xxtofl@val                                   cstackCOMRAM 000004
__accesstop                                     (abs)        000080
__activetblptr                                  (abs)        000003
__end_of_ADC_ISconversion_done                  text70       0046A6
__end_of_ADC_ISconversion_result                text69       0037A8
__end_of_ADC_get_conversion_blocking            text65       00411C
__end_of_ADC_handeler_funvtion                  text92       004D1E
__end_of_ADC_inti                               text43       003918
__end_of_ADC_select_channal                     text67       0049B0
__end_of_ADC_start_conversion                   text66       004BC6
__end_of_CCP1_ISR                               text91       004D1A
__end_of_CCP2_ISR                               text90       004D16
__end_of_GPIO_pIN_DIRECTION_INTIALIZE           text38       002FDC
__end_of_GPIO_pIN_INTIALIZE                     text36       0043B4
__end_of_GPIO_pIN_TOGGLE_LOGIC                  text7        003E0E
__end_of_GPIO_pIN_WRITE_LOGIC                   text37       003352
__end_of_I2C_Master_Mode_Clock_Configurations   text29       003C5E
__end_of_I2C_Slave_Mode_Configurations          text28       004C42
__end_of_INT0_ISR                               text87       004B7A
__end_of_INT0_setinterrupthandler               text34       004C26
__end_of_INT1_ISR                               text86       004B4A
__end_of_INT1_setinterrupthandler               text33       004C06
__end_of_INT2_ISR                               text85       004B1A
__end_of_INT2_setinterrupthandler               text32       004BE6
__end_of_Interrupt_Intx_Inti                    text30       004552
__end_of_MSSP_I2C_BC_ISR                        text84       004D12
__end_of_MSSP_I2C_ISR                           text82       004AEA
__end_of_MSSP_I2C_Init                          text25       002EA8
__end_of_MSSP_I2C_Interrupt_Configurations      text27       0046F0
__end_of_MSSP_I2C_Mode_GPIO_CFG                 text26       004D0A
__end_of_RB4_ISR                                text81       004CAA
__end_of_RB5_ISR                                text80       004C90
__end_of_RB6_ISR                                text79       004C76
__end_of_RB7_ISR                                text78       004C5C
__end_of_TIMER0_ISR                             text77       004CF4
__end_of_TIMER1_ISR                             text76       004CE6
__end_of_TIMER2_ISR                             text75       004CFC
__end_of_TIMER3_ISR                             text74       004CD8
__end_of_Timer2_init                            text24       003F22
__end_of_Timer3_init                            text21       003A74
__end_of_USART_RX_ISR                           text73       004D22
__end_of_USART_TX_ISR                           text72       004D0E
__end_of___awdiv                                text54       0036EA
__end_of___awmod                                text53       0039C8
__end_of___fladd                                text62       001AB2
__end_of___fldiv                                text64       00266C
__end_of___flmul                                text63       001EDC
__end_of___flsub                                text61       004780
__end_of___fltol                                text60       003458
__end_of___lldiv                                text20       003BC4
__end_of___lmul                                 text19       00441E
__end_of___xxtofl                               text59       002C04
__end_of__initialization                        cinit        003D78
__end_of_abs                                    text52       004A8A
__end_of_adc_channel_port_confige               text68       003626
__end_of_ccp1_init                              text18       002D62
__end_of_ccp1_pwm_set_duty                      text58       00310A
__end_of_ccp1_pwm_set_stop                      text57       004CCA
__end_of_ccp1_pwm_start                         text56       004CBC
__end_of_configure_voltage_ref                  text45       00473A
__end_of_convert_uint8_to_string                text46       00465A
__end_of_fputc                                  text50       003862
__end_of_int1_interrupt                         text88       004D24
__end_of_interrupt_intx_clear                   text42       004200
__end_of_interrupt_intx_disable                 text41       00418E
__end_of_interrupt_intx_edge_inti               text40       003236
__end_of_interrupt_intx_enable                  text39       0040A2
__end_of_interrupt_intx_pin_inti                text35       004ABA
__end_of_interrupt_intx_sethandler              text31       003B20
__end_of_interrupt_manager                      intcode_body 0022D2
__end_of_intitialized_functions                 text11       003FA6
__end_of_into_interrupt                         text89       004D26
__end_of_lcd_4bit_intialize                     text14       00354E
__end_of_lcd_4bit_send_char_data                text10       0045B0
__end_of_lcd_4bit_send_command                  text15       00460E
__end_of_lcd_4bit_send_enable_signal            text17       0049E8
__end_of_lcd_4bit_send_string_pos               text8        003E9A
__end_of_lcd_4bit_set_cursor                    text9        003CF6
__end_of_lcd_send_4bits                         text16       004270
__end_of_led_intialize                          text13       004486
__end_of_led_toggle                             text6        0044EC
__end_of_led_turn_off                           text5        004348
__end_of_led_turn_on                            text4        0042DC
__end_of_main                                   text0        0015F2
__end_of_memset                                 text55       004A20
__end_of_morot_stop                             text3        0048BE
__end_of_morot_turn_left                        text2        004880
__end_of_morot_turn_right                       text1        004842
__end_of_motor_intialize                        text12       004A56
__end_of_mssp_I2C_DefaultInterruptHandler       text83       002882
__end_of_putch                                  text51       004D20
__end_of_select_result_format                   text44       0047C4
__end_of_sprintf                                text47       004976
__end_of_timer3_mode_cfg                        text23       004024
__end_of_timer3_reg_bit_cfg                     text22       0048FC
__end_of_value_ret                              smallconst   001011
__end_of_vfpfcnvrt                              text49       002A50
__end_of_vfprintf                               text48       004804
__initialization                                cinit        003CF6
__mediumconst                                   mediumconst  000000
__pbssBANK0                                     bssBANK0     000080
__pbssBANK1                                     bssBANK1     00013D
__pbssCOMRAM                                    bssCOMRAM    000076
__pcinit                                        cinit        003CF6
__pcstackBANK1                                  cstackBANK1  00016E
__pcstackCOMRAM                                 cstackCOMRAM 000001
__pdataBANK0                                    dataBANK0    0000D7
__pdataBANK1                                    dataBANK1    000100
__pdataCOMRAM                                   dataCOMRAM   00006F
__pidataBANK0                                   idataBANK0   004B7A
__pidataBANK1                                   idataBANK1   0048FC
__pidataCOMRAM                                  idataCOMRAM  004CFC
__pintcode                                      intcode      000008
__pintcode_body                                 intcode_body 001EDC
__psmallconst                                   smallconst   001000
__ptext0                                        text0        001078
__ptext1                                        text1        004804
__ptext10                                       text10       004552
__ptext11                                       text11       003F22
__ptext12                                       text12       004A20
__ptext13                                       text13       00441E
__ptext14                                       text14       003458
__ptext15                                       text15       0045B0
__ptext16                                       text16       004200
__ptext17                                       text17       0049B0
__ptext18                                       text18       002C04
__ptext19                                       text19       0043B4
__ptext2                                        text2        004842
__ptext20                                       text20       003B20
__ptext21                                       text21       0039C8
__ptext22                                       text22       0048BE
__ptext23                                       text23       003FA6
__ptext24                                       text24       003E9A
__ptext25                                       text25       002D62
__ptext26                                       text26       004D04
__ptext27                                       text27       0046A6
__ptext28                                       text28       004C26
__ptext29                                       text29       003BC4
__ptext3                                        text3        004880
__ptext30                                       text30       0044EC
__ptext31                                       text31       003A74
__ptext32                                       text32       004BC6
__ptext33                                       text33       004BE6
__ptext34                                       text34       004C06
__ptext35                                       text35       004A8A
__ptext36                                       text36       004348
__ptext37                                       text37       003236
__ptext38                                       text38       002EA8
__ptext39                                       text39       004024
__ptext4                                        text4        004270
__ptext40                                       text40       00310A
__ptext41                                       text41       00411C
__ptext42                                       text42       00418E
__ptext43                                       text43       003862
__ptext44                                       text44       004780
__ptext45                                       text45       0046F0
__ptext46                                       text46       00460E
__ptext47                                       text47       00493A
__ptext48                                       text48       0047C4
__ptext49                                       text49       002882
__ptext5                                        text5        0042DC
__ptext50                                       text50       0037A8
__ptext51                                       text51       004D1E
__ptext52                                       text52       004A56
__ptext53                                       text53       003918
__ptext54                                       text54       003626
__ptext55                                       text55       0049E8
__ptext56                                       text56       004CAA
__ptext57                                       text57       004CBC
__ptext58                                       text58       002FDC
__ptext59                                       text59       002A50
__ptext6                                        text6        004486
__ptext60                                       text60       003352
__ptext61                                       text61       00473A
__ptext62                                       text62       0015F2
__ptext63                                       text63       001AB2
__ptext64                                       text64       0022D2
__ptext65                                       text65       0040A2
__ptext66                                       text66       004BA2
__ptext67                                       text67       004976
__ptext68                                       text68       00354E
[...]
_interrupt_manager                              intcode      000008
_intitialized_functions                         text11       003F22
_into_interrupt                                 text89       004D24
_key_data_1                                     bssBANK0     0000C0
_key_data_2                                     bssBANK0     0000BF
_key_i2c_tran                                   bssBANK0     0000BE
_l_direction                                    bssBANK0     0000C6
_lat_regisrers                                  dataBANK0    0000D7
_lcd_4bit                                       dataBANK0    0000F5
_lcd_4bit_intialize                             text14       003458
_lcd_4bit_send_char_data                        text10       004552
_lcd_4bit_send_command                          text15       0045B0
_lcd_4bit_send_enable_signal                    text17       0049B0
_lcd_4bit_send_string_pos                       text8        003E0E
_lcd_4bit_set_cursor                            text9        003C5E
_lcd_send_4bits                                 text16       004200
_led3                                           dataCOMRAM   000075
_led5                                           dataCOMRAM   000074
_led_1                                          dataBANK0    0000F4
_led_2                                          dataBANK0    0000F3
_led_intialize                                  text13       00441E
_led_toggle                                     text6        004486
_led_turn_off                                   text5        0042DC
_led_turn_on                                    text4        004270
_main                                           text0        001078
_main$5571                                      cstackBANK1  00016E
_matrix_keypad_1                                dataBANK1    00010A
_memset                                         text55       0049E8
_morot_stop                                     text3        004880
_morot_turn_left                                text2        004842
_morot_turn_right                               text1        004804
_motor_1                                        dataBANK0    0000FD
_motor_2                                        dataBANK0    0000FB
_motor_intialize                                text12       004A20
_mssp_I2C_DefaultInterruptHandler               text83       00266C
_mssp_i2c                                       dataBANK1    000112
_port_regisrers                                 dataBANK1    000100
_prec                                           bssBANK0     000082
_putch                                          text51       004D1E
_relay                                          dataCOMRAM   000073
_relay_1                                        dataBANK0    0000F2
_relay_2                                        dataBANK0    0000F1
_ret                                            bssBANK0     0000BD
_select_result_format                           text44       004780
_sprintf                                        text47       00493A
_string                                         bssBANK1     000163
_timer3_mode_cfg                                text23       003FA6
_timer3_reg_bit_cfg                             text22       0048BE
_tris_regisrers                                 dataBANK0    0000E1
_value_1                                        bssBANK0     0000D5
_value_ret                                      smallconst   001001
_vfpfcnvrt                                      text49       002882
_vfprintf                                       text48       0047C4
_width                                          bssBANK0     000080
abs@a                                           cstackCOMRAM 00000A
adc_channel_port_confige@ADC_CHANNAL_SELECT     cstackCOMRAM 000006
btemp                                           temp         00007B
ccp1_init@ccp1_                                 cstackCOMRAM 00001D
ccp1_pwm_set_duty@duty                          cstackCOMRAM 00005E
ccp1_pwm_set_duty@duty_                         cstackCOMRAM 000064
ccp1_pwm_set_duty@l_duty_temp                   cstackCOMRAM 00006C
ccp1_pwm_set_stop@ret                           cstackCOMRAM 000004
ccp1_pwm_start@ret                              cstackCOMRAM 000004
configure_voltage_ref@ADC_conf                  cstackCOMRAM 000004
convert_uint8_to_string@str                     cstackCOMRAM 000031
convert_uint8_to_string@value                   cstackCOMRAM 000033
end_of_initialization                           cinit        003D78
fputc@c                                         cstackCOMRAM 000004
fputc@fp                                        cstackCOMRAM 000006
int$flags                                       temp         00007B
int_func                                        intcode_body 001EDC
interrupt_intx_clear@INTERRUPT_INTX             cstackCOMRAM 000004
interrupt_intx_clear@ret                        cstackCOMRAM 000008
interrupt_intx_disable@INTERRUPT_INTX           cstackCOMRAM 000004
interrupt_intx_disable@ret                      cstackCOMRAM 000008
interrupt_intx_edge_inti@INTERRUPT_INTX         cstackCOMRAM 000004
interrupt_intx_edge_inti@ret                    cstackCOMRAM 000008
interrupt_intx_enable@INTERRUPT_INTX            cstackCOMRAM 000004
interrupt_intx_enable@ret                       cstackCOMRAM 000008
interrupt_intx_pin_inti@INTERRUPT_INTX          cstackCOMRAM 000011
interrupt_intx_pin_inti@ret                     cstackCOMRAM 000013
interrupt_intx_sethandler@INTERRUPT_INTX        cstackCOMRAM 000006
interrupt_intx_sethandler@ret                   cstackCOMRAM 00000A
intlevel0                                       text         000000
intlevel1                                       text         000000
intlevel2                                       text         000000
intlevel3                                       text         000000
isa$std                                         (abs)        000001
isa$xinst                                       (abs)        000000
lcd_4bit_intialize@l_data_pins_counter          cstackCOMRAM 000016
lcd_4bit_intialize@lcd                          cstackCOMRAM 000014
lcd_4bit_intialize@ret                          cstackCOMRAM 000017
lcd_4bit_send_char_data@data                    cstackCOMRAM 000012
lcd_4bit_send_char_data@lcd                     cstackCOMRAM 000011
lcd_4bit_send_char_data@ret                     cstackCOMRAM 000013
lcd_4bit_send_command@command                   cstackCOMRAM 000012
lcd_4bit_send_command@lcd                       cstackCOMRAM 000011
lcd_4bit_send_command@ret                       cstackCOMRAM 000013
lcd_4bit_send_enable_signal@lcd                 cstackCOMRAM 00000D
lcd_4bit_send_enable_signal@ret                 cstackCOMRAM 00000F
lcd_4bit_send_string_pos@column                 cstackCOMRAM 00001C
lcd_4bit_send_string_pos@lcd                    cstackCOMRAM 00001A
lcd_4bit_send_string_pos@row                    cstackCOMRAM 00001B
lcd_4bit_send_string_pos@str                    cstackCOMRAM 00001D
lcd_4bit_set_cursor@coulmn                      cstackCOMRAM 000016
lcd_4bit_set_cursor@lcd                         cstackCOMRAM 000014
lcd_4bit_set_cursor@ret                         cstackCOMRAM 000019
lcd_4bit_set_cursor@row                         cstackCOMRAM 000015
lcd_send_4bits@_data_command                    cstackCOMRAM 00000E
lcd_send_4bits@lcd                              cstackCOMRAM 00000D
lcd_send_4bits@ret                              cstackCOMRAM 000010
led_intialize@F3060                             bssBANK0     0000D0
led_intialize@led                               cstackCOMRAM 000011
led_intialize@pin_config                        cstackCOMRAM 000013
led_toggle@F3075                                bssBANK0     0000CD
led_toggle@led                                  cstackCOMRAM 00000A
led_toggle@pin_config                           cstackCOMRAM 00000C
led_turn_off@F3070                              bssBANK0     0000CE
led_turn_off@led                                cstackCOMRAM 00000D
led_turn_off@pin_config                         cstackCOMRAM 00000F
led_turn_on@F3065                               bssBANK0     0000CF
led_turn_on@led                                 cstackCOMRAM 00000D
led_turn_on@pin_config                          cstackCOMRAM 00000F
memset@c                                        cstackCOMRAM 000006
memset@dest                                     cstackCOMRAM 000004
memset@n                                        cstackCOMRAM 000008
memset@p                                        cstackCOMRAM 00000A
morot_stop@motor_pin                            cstackCOMRAM 00000D
morot_stop@ret                                  cstackCOMRAM 00000F
morot_turn_left@motor_pin                       cstackCOMRAM 00000D
morot_turn_left@ret                             cstackCOMRAM 00000F
morot_turn_right@motor_pin                      cstackCOMRAM 00000D
morot_turn_right@ret                            cstackCOMRAM 00000F
motor_intialize@motor_pin                       cstackCOMRAM 000011
motor_intialize@ret                             cstackCOMRAM 000013
relay_intialize@F3060                           bssBANK0     0000CC
relay_toggle@F3075                              bssBANK0     0000C9
relay_turn_off@F3070                            bssBANK0     0000CA
relay_turn_on@F3065                             bssBANK0     0000CB
select_result_format@ADC_conf                   cstackCOMRAM 000004
sprintf@ap                                      cstackCOMRAM 000024
sprintf@f                                       cstackCOMRAM 000025
sprintf@fmt                                     cstackCOMRAM 00001F
sprintf@s                                       cstackCOMRAM 00001D
stackhi                                         (abs)        000000
stacklo                                         (abs)        000000
start                                           init         00000E
start_initialization                            cinit        003CF6
timer3_mode_cfg@Timer3                          cstackCOMRAM 000004
timer3_reg_bit_cfg@Timer3                       cstackCOMRAM 000004
ttemp5                                          temp         00007C
ttemp6                                          temp         00007F
ttemp7                                          temp         000083
vfpfcnvrt@ap                                    cstackCOMRAM 000010
vfpfcnvrt@c                                     cstackCOMRAM 000018
vfpfcnvrt@convarg                               cstackCOMRAM 000014
vfpfcnvrt@cp                                    cstackCOMRAM 000013
vfpfcnvrt@done                                  cstackCOMRAM 000012
vfpfcnvrt@fmt                                   cstackCOMRAM 00000F
vfpfcnvrt@fp                                    cstackCOMRAM 00000E
vfprintf@ap                                     cstackCOMRAM 00001B
vfprintf@cfmt                                   cstackCOMRAM 00001C
vfprintf@fmt                                    cstackCOMRAM 00001A
vfprintf@fp                                     cstackCOMRAM 000019
wtemp8                                          temp         00007C


MODULE INFORMATION

Module		Function		Class		Link	Load	Size
MKAL_layer/USART/hal_usart.c
		_USART_RX_ISR  		CODE           	4D20	0000	2
		_USART_TX_ISR  		CODE           	4D0A	0000	4

MKAL_layer/USART/hal_usart.c estimated size: 6

MKAL_layer/timer/hal_timer0.c
		_TIMER0_ISR    		CODE           	4CE6	0000	14

MKAL_layer/timer/hal_timer0.c estimated size: 14

MKAL_layer/gpio/pro_gpio.c
		_GPIO_pIN_WRITE_LOGIC		CODE           	3236	0000	284
		_GPIO_pIN_INTIALIZE		CODE           	4348	0000	108
		_GPIO_pIN_TOGGLE_LOGIC		CODE           	3D82	0000	140
		_GPIO_pIN_DIRECTION_INTIALIZE		CODE           	2EA8	0000	308

MKAL_layer/gpio/pro_gpio.c estimated size: 840

MKAL_layer/I2C/hal_i2c.c
		_MSSP_I2C_ISR  		CODE           	4ABA	0000	48
		_MSSP_I2C_Init 		CODE           	2D62	0000	326
		_MSSP_I2C_Interrupt_Configurations		CODE           	46A6	0000	74
		_MSSP_I2C_BC_ISR		CODE           	4D0E	0000	4
		_I2C_Slave_Mode_Configurations		CODE           	4C26	0000	28
		_I2C_Master_Mode_Clock_Configurations		CODE           	3BC4	0000	154
		_MSSP_I2C_Mode_GPIO_CFG		CODE           	4D04	0000	6

MKAL_layer/I2C/hal_i2c.c estimated size: 640

MKAL_layer/timer3/hal_timer3.c
		_Timer3_init   		CODE           	39C8	0000	172
		_TIMER3_ISR    		CODE           	4CCA	0000	14
		_timer3_reg_bit_cfg		CODE           	48BE	0000	62
		_timer3_mode_cfg		CODE           	3FA6	0000	126

MKAL_layer/timer3/hal_timer3.c estimated size: 374

C:\Program Files\Microchip\xc8\v2.45\pic\sources\c99\common\Umul32.c
		___lmul        		CODE           	43B4	0000	106

C:\Program Files\Microchip\xc8\v2.45\pic\sources\c99\common\Umul32.c estimated size: 106

C:\Program Files\Microchip\xc8\v2.45\pic\sources\c99\common\sprcmul.c
		___flmul       		CODE           	1AB2	0000	1066

C:\Program Files\Microchip\xc8\v2.45\pic\sources\c99\common\sprcmul.c estimated size: 1066

MKAL_layer/ADC/hal_adc.c
		_ADC_handeler_funvtion		CODE           	4D1A	0000	4
		_adc_channel_port_confige		CODE           	354E	0000	216
		_configure_voltage_ref		CODE           	46F0	0000	74
		_ADC_ISconversion_done		CODE           	465A	0000	76
		_ADC_ISconversion_result		CODE           	36EA	0000	190
		_ADC_start_conversion		CODE           	4BA2	0000	36
		_ADC_select_channal		CODE           	4976	0000	58
		_ADC_get_conversion_blocking		CODE           	40A2	0000	122
		_select_result_format		CODE           	4780	0000	68
		_ADC_inti      		CODE           	3862	0000	182

MKAL_layer/ADC/hal_adc.c estimated size: 1026

C:\Program Files\Microchip\xc8\v2.45\pic\sources\c99\common\sprcdiv.c
		___fldiv       		CODE           	22D2	0000	922

C:\Program Files\Microchip\xc8\v2.45\pic\sources\c99\common\sprcdiv.c estimated size: 922

MKAL_layer/CCP1/hal_ccp1.c
		_ccp1_pwm_start		CODE           	4CAA	0000	18
		_ccp1_pwm_set_stop		CODE           	4CBC	0000	14
		_ccp1_init     		CODE           	2C04	0000	350
		_CCP1_ISR      		CODE           	4D16	0000	4
		_ccp1_pwm_set_duty		CODE           	2FDC	0000	302

MKAL_layer/CCP1/hal_ccp1.c estimated size: 688

main2.c
		_int1_interrupt		CODE           	4D22	0000	2
		_main          		CODE           	1078	0000	1402
		_into_interrupt		CODE           	4D24	0000	2
		_mssp_I2C_DefaultInterruptHandler		CODE           	266C	0000	534
		_intitialized_functions		CODE           	3F22	0000	132

main2.c estimated size: 2072

C:\Program Files\Microchip\xc8\v2.45\pic\sources\c99\common\nf_sprintf.c
		_sprintf       		CODE           	493A	0000	60

C:\Program Files\Microchip\xc8\v2.45\pic\sources\c99\common\nf_sprintf.c estimated size: 60

MKAL_layer/timer2/hal_timer2.c
		_TIMER2_ISR    		CODE           	4CF4	0000	8
		_Timer2_init   		CODE           	3E9A	0000	136

MKAL_layer/timer2/hal_timer2.c estimated size: 144

MKAL_layer/timer1/hal_timer1.c
		_TIMER1_ISR    		CODE           	4CD8	0000	14

MKAL_layer/timer1/hal_timer1.c estimated size: 14

C:\Program Files\Microchip\xc8\v2.45\pic\sources\c99\common\awmod.c
		___awmod       		CODE           	3918	0000	176

C:\Program Files\Microchip\xc8\v2.45\pic\sources\c99\common\awmod.c estimated size: 176

MKAL_layer/Interrupt/mcal_external_interrupt.c
		_interrupt_intx_edge_inti		CODE           	310A	0000	300
		_interrupt_intx_disable		CODE           	411C	0000	114
		_RB4_ISR       		CODE           	4C90	0000	26
		_RB5_ISR       		CODE           	4C76	0000	26
		_Interrupt_Intx_Inti		CODE           	44EC	0000	102
		_RB6_ISR       		CODE           	4C5C	0000	26
		_interrupt_intx_pin_inti		CODE           	4A8A	0000	48
		_RB7_ISR       		CODE           	4C42	0000	26
		_interrupt_intx_sethandler		CODE           	3A74	0000	172
		_interrupt_intx_enable		CODE           	4024	0000	126
		_INT0_setinterrupthandler		CODE           	4C06	0000	32
		_INT0_ISR      		CODE           	4B4A	0000	48
		_INT1_setinterrupthandler		CODE           	4BE6	0000	32
		_INT1_ISR      		CODE           	4B1A	0000	48
		_interrupt_intx_clear		CODE           	418E	0000	114
		_INT2_setinterrupthandler		CODE           	4BC6	0000	32
		_INT2_ISR      		CODE           	4AEA	0000	48

MKAL_layer/Interrupt/mcal_external_interrupt.c estimated size: 1320

C:\Program Files\Microchip\xc8\v2.45\pic\sources\c99\common\putch.c
		_putch         		CODE           	4D1E	0000	2

C:\Program Files\Microchip\xc8\v2.45\pic\sources\c99\common\putch.c estimated size: 2

shared
		__initialization		CODE           	3CF6	0000	130
		_value_ret     		SMALLCONST     	1001	0000	16

shared estimated size: 146

C:\Program Files\Microchip\xc8\v2.45\pic\sources\c99\common\xxtofl.c
		___xxtofl      		CODE           	2A50	0000	436

C:\Program Files\Microchip\xc8\v2.45\pic\sources\c99\common\xxtofl.c estimated size: 436

C:\Program Files\Microchip\xc8\v2.45\pic\sources\c99\common\abs.c
		_abs           		CODE           	4A56	0000	52

C:\Program Files\Microchip\xc8\v2.45\pic\sources\c99\common\abs.c estimated size: 52

ECU_layer/LED/ecu_led.c
		_led_turn_on   		CODE           	4270	0000	108
		_led_turn_off  		CODE           	42DC	0000	108
		_led_intialize 		CODE           	441E	0000	104
		_led_toggle    		CODE           	4486	0000	102

ECU_layer/LED/ecu_led.c estimated size: 422

MKAL_layer/Interrupt/mcal_interrupt_manager.c
		_interrupt_manager		CODE           	0008	0000	1020

MKAL_layer/Interrupt/mcal_interrupt_manager.c estimated size: 1020

C:\Program Files\Microchip\xc8\v2.45\pic\sources\c99\common\__lldiv.c
		___lldiv       		CODE           	3B20	0000	164

C:\Program Files\Microchip\xc8\v2.45\pic\sources\c99\common\__lldiv.c estimated size: 164

C:\Program Files\Microchip\xc8\v2.45\pic\sources\c99\common\memset.c
		_memset        		CODE           	49E8	0000	56

C:\Program Files\Microchip\xc8\v2.45\pic\sources\c99\common\memset.c estimated size: 56

ECU_layer/DC_MOTOR/ecu_dc_motor.c
		_morot_turn_left		CODE           	4842	0000	62
		_motor_intialize		CODE           	4A20	0000	54
		_morot_turn_right		CODE           	4804	0000	62
		_morot_stop    		CODE           	4880	0000	62

ECU_layer/DC_MOTOR/ecu_dc_motor.c estimated size: 240

C:\Program Files\Microchip\xc8\v2.45\pic\sources\c99\common\sprcadd.c
		___flsub       		CODE           	473A	0000	70
		___fladd       		CODE           	15F2	0000	1216

C:\Program Files\Microchip\xc8\v2.45\pic\sources\c99\common\sprcadd.c estimated size: 1286

MKAL_layer/CCP2/hal_ccp2.c
		_CCP2_ISR      		CODE           	4D12	0000	4

MKAL_layer/CCP2/hal_ccp2.c estimated size: 4

C:\Program Files\Microchip\xc8\v2.45\pic\sources\c99\common\nf_fputc.c
		_fputc         		CODE           	37A8	0000	186

C:\Program Files\Microchip\xc8\v2.45\pic\sources\c99\common\nf_fputc.c estimated size: 186

C:\Program Files\Microchip\xc8\v2.45\pic\sources\c99\common\doprnt.c
		_vfpfcnvrt     		CODE           	2882	0000	462
		_vfprintf      		CODE           	47C4	0000	64

C:\Program Files\Microchip\xc8\v2.45\pic\sources\c99\common\doprnt.c estimated size: 526

C:\Program Files\Microchip\xc8\v2.45\pic\sources\c99\common\awdiv.c
		___awdiv       		CODE           	3626	0000	196

C:\Program Files\Microchip\xc8\v2.45\pic\sources\c99\common\awdiv.c estimated size: 196

ECU_layer/chr_lcd/ecu_chr_lcd.c
		_lcd_4bit_send_command		CODE           	45B0	0000	94
		_lcd_4bit_send_string_pos		CODE           	3E0E	0000	140
		_lcd_4bit_send_char_data		CODE           	4552	0000	94
		_lcd_send_4bits		CODE           	4200	0000	112
		_lcd_4bit_intialize		CODE           	3458	0000	246
		_lcd_4bit_set_cursor		CODE           	3C5E	0000	152
		_lcd_4bit_send_enable_signal		CODE           	49B0	0000	56
		_convert_uint8_to_string		CODE           	460E	0000	76

ECU_layer/chr_lcd/ecu_chr_lcd.c estimated size: 970

C:\Program Files\Microchip\xc8\v2.45\pic\sources\c99\common\fltol.c
		___fltol       		CODE           	3352	0000	262

C:\Program Files\Microchip\xc8\v2.45\pic\sources\c99\common\fltol.c estimated size: 262

