Microchip MPLAB XC8 Compiler V2.45

Linker command line:

-W-3 \
  --edf=C:\Program Files\Microchip\xc8\v2.45\pic\dat\20230818022343_en.msgs \
  -cn -h+dist/default/debug\project_1.X.debug.sym \
  --cmf=dist/default/debug\project_1.X.debug.cmf -z -Q18F4620 \
  -oC:\Users\mokhtar\AppData\Local\Temp\xcDsdo8.3\driver_tmp_3.o \
  --defsym=__MPLAB_BUILD=1 --fixupoverflow=error \
  -Mdist/default/debug/project_1.X.debug.map \
  --md=C:\Users\mokhtar\AppData\Local\Temp\xcDsdo8.3\driver_tmp_0.dat -E1 \
  -ver=XC8 Compiler --acfsm=1493 -ACODE=00h-0FFFFh -ACONST=00h-0FFFFh \
  -ASMALLCONST=01000h-010FFhx240 -AMEDIUMCONST=01000h-0FFFFh \
  -ACOMRAM=01h-07Fh -AABS1=00h-0F7Fh -ABIGRAM=01h-0F7Fh \
  -ARAM=080h-0FFh,0100h-01FFhx14,0F00h-0F7Fh -ABANK0=080h-0FFh \
  -ABANK1=0100h-01FFh -ABANK2=0200h-02FFh -ABANK3=0300h-03FFh \
  -ABANK4=0400h-04FFh -ABANK5=0500h-05FFh -ABANK6=0600h-06FFh \
  -ABANK7=0700h-07FFh -ABANK8=0800h-08FFh -ABANK9=0900h-09FFh \
  -ABANK10=0A00h-0AFFh -ABANK11=0B00h-0BFFh -ABANK12=0C00h-0CFFh \
  -ABANK13=0D00h-0DFFh -ABANK14=0E00h-0EFFh -ABANK15=0F00h-0F7Fh \
  -ASFR=0F80h-0FFFh -ABIGSFR=0F80h-0FFFh -ACONFIG=0300000h-030000Dh \
  -AIDLOC=0200000h-0200007h -AEEDATA=0F00000h-0F003FFh -peeprom_data=EEDATA \
  -preset_vec=00h,intcode=08h,intcodelo,powerup,init -pramtop=01000h \
  -psmallconst=SMALLCONST -pmediumconst=MEDIUMCONST -pconst=CONST \
  -AFARRAM=00h-00h \
  -prdata=COMRAM,nvrram=COMRAM,nvbit=COMRAM,rbss=COMRAM,rbit=COMRAM \
  -pfarbss=FARRAM,fardata=FARRAM,nvFARRAM=FARRAM \
  -pintsave_regs=BIGRAM,bigbss=BIGRAM,bigdata=BIGRAM -pbss=RAM \
  -pidata=CODE,irdata=CODE,ibigdata=CODE,ifardata=CODE -prparam=COMRAM \
  C:\Users\mokhtar\AppData\Local\Temp\xcDsdo8.3\driver_tmp_9.o \
  dist/default/debug\project_1.X.debug.o 

Object code version is 3.11

Machine type is 18F4620



                Name                               Link     Load   Length Selector   Space Scale
C:\Users\mokhtar\AppData\Local\Temp\xcDsdo8.3\driver_tmp_9.o
                config                           300000   300000        E        0       4
                init                                  E        E        4        4       0
                reset_vec                             0        0        4        0       0
dist/default/debug\project_1.X.debug.o
                intcode                               8        8        6        4       0
                config                           300000   300000        E        0       4
                temp                                 7E       7E        1        1       1
                smallconst                         1000     1000       16      800       0
                text55                             345E     345E        4     19BA       0
                text54                             345A     345A        4     19BA       0
                text53                             3456     3456        4     19BA       0
                text52                             3452     3452        4     19BA       0
                text51                             344E     344E        4     19BA       0
                text50                             344A     344A        4     19BA       0
                text49                             3446     3446        4     19BA       0
                text48                             3442     3442        4     19BA       0
                text47                             33DC     33DC       1A     19BA       0
                text46                             33C2     33C2       1A     19BA       0
                text45                             33A8     33A8       1A     19BA       0
                text44                             338E     338E       1A     19BA       0
                text43                             3424     3424        C     19BA       0
                text42                             3418     3418        C     19BA       0
                text41                             3430     3430        8     19BA       0
                text40                             340C     340C        C     19BA       0
                text39                             3462     3462        2     19BA       0
                text38                             343E     343E        4     19BA       0
                intcode_body                       1B44     1B44      3E6      80B       0
                text36                             3252     3252       36      80B       0
                text35                             321C     321C       36      80B       0
                text34                             3080     3080       5E      80B       0
                text33                             3288     3288       32      80B       0
                text32                             29CA     29CA       A4      80B       0
                text31                             2DB2     2DB2       74      80B       0
                text30                             2BA4     2BA4       94      80B       0
                text29                             26CE     26CE      110      80B       0
                text28                             3336     3336       22      80B       0
                text27                             33F6     33F6       16     19BA       0
                text26                             1684     1684      4C0      80B       0
                text25                             1F2A     1F2A      39A      80B       0
                text24                             27DE     27DE      106      80B       0
                text23                             22C4     22C4      1B4      80B       0
                text22                             2B0E     2B0E       96      80B       0
                text21                             3374     3374       1A     19BA       0
                text20                             3124     3124       44      80B       0
                text19                             3438     3438        6     19BA       0
                text18                             2478     2478      130      80B       0
                text17                             2D3C     2D3C       76      80B       0
                text16                             31E2     31E2       3A      80B       0
                text15                             31A8     31A8       3A      80B       0
                text14                             2A6E     2A6E       A0      80B       0
                text13                             25A8     25A8      126      80B       0
                text12                             3022     3022       5E      80B       0
                text11                             2FC2     2FC2       60      80B       0
                text10                             2EFA     2EFA       66      80B       0
                text9                              32E4     32E4       2A      80B       0
                text8                              30DE     30DE       46      80B       0
                text7                              28E4     28E4       E6      80B       0
                text6                              2E90     2E90       6A      80B       0
                text5                              2E26     2E26       6A      80B       0
                text4                              2C38     2C38       88      80B       0
                text3                              330E     330E       28      80B       0
                text2                              2CC0     2CC0       7C      80B       0
                text1                              32BA     32BA       2A      80B       0
                text0                              1016     1016      66E      80B       0
                cstackCOMRAM                          1        1       46        1       1
                cstackBANK1                         100      100        1      100       1
                dataBANK0                            80       80       40       80       1
                bssBANK0                             C0       C0       3F       80       1
                dataCOMRAM                           63       63       1B        1       1
                bssCOMRAM                            47       47       1C        1       1
                cinit                              2F60     2F60       62      80B       0
                nvBANK0                              FF       FF        1       80       1
                idataBANK0                         3168     3168       40      80B       0
                idataCOMRAM                        3358     3358       1B      80B       0

TOTAL           Name                               Link     Load   Length     Space
        CLASS   CODE           
                intcode                               8        8        6         0
                init                                  E        E        4         0
                reset_vec                             0        0        4         0
                text55                             345E     345E        4         0
                text54                             345A     345A        4         0
                text53                             3456     3456        4         0
                text52                             3452     3452        4         0
                text51                             344E     344E        4         0
                text50                             344A     344A        4         0
                text49                             3446     3446        4         0
                text48                             3442     3442        4         0
                text47                             33DC     33DC       1A         0
                text46                             33C2     33C2       1A         0
                text45                             33A8     33A8       1A         0
                text44                             338E     338E       1A         0
                text43                             3424     3424        C         0
                text42                             3418     3418        C         0
                text41                             3430     3430        8         0
                text40                             340C     340C        C         0
                text39                             3462     3462        2         0
                text38                             343E     343E        4         0
                intcode_body                       1B44     1B44      3E6         0
                text36                             3252     3252       36         0
                text35                             321C     321C       36         0
                text34                             3080     3080       5E         0
                text33                             3288     3288       32         0
                text32                             29CA     29CA       A4         0
                text31                             2DB2     2DB2       74         0
                text30                             2BA4     2BA4       94         0
                text29                             26CE     26CE      110         0
                text28                             3336     3336       22         0
                text27                             33F6     33F6       16         0
                text26                             1684     1684      4C0         0
                text25                             1F2A     1F2A      39A         0
                text24                             27DE     27DE      106         0
                text23                             22C4     22C4      1B4         0
                text22                             2B0E     2B0E       96         0
                text21                             3374     3374       1A         0
                text20                             3124     3124       44         0
                text19                             3438     3438        6         0
                text18                             2478     2478      130         0
                text17                             2D3C     2D3C       76         0
                text16                             31E2     31E2       3A         0
                text15                             31A8     31A8       3A         0
                text14                             2A6E     2A6E       A0         0
                text13                             25A8     25A8      126         0
                text12                             3022     3022       5E         0
                text11                             2FC2     2FC2       60         0
                text10                             2EFA     2EFA       66         0
                text9                              32E4     32E4       2A         0
                text8                              30DE     30DE       46         0
                text7                              28E4     28E4       E6         0
                text6                              2E90     2E90       6A         0
                text5                              2E26     2E26       6A         0
                text4                              2C38     2C38       88         0
                text3                              330E     330E       28         0
                text2                              2CC0     2CC0       7C         0
                text1                              32BA     32BA       2A         0
                text0                              1016     1016      66E         0
                cinit                              2F60     2F60       62         0
                idataBANK0                         3168     3168       40         0
                idataCOMRAM                        3358     3358       1B         0

        CLASS   CONST          

        CLASS   SMALLCONST     
                smallconst                         1000     1000       16         0

        CLASS   MEDIUMCONST    

        CLASS   COMRAM         
                temp                                 7E       7E        1         1
                cstackCOMRAM                          1        1       46         1
                dataCOMRAM                           63       63       1B         1
                bssCOMRAM                            47       47       1C         1

        CLASS   ABS1           

        CLASS   BIGRAM         

        CLASS   RAM            

        CLASS   BANK0          
                dataBANK0                            80       80       40         1
                bssBANK0                             C0       C0       3F         1
                nvBANK0                              FF       FF        1         1

        CLASS   BANK1          
                cstackBANK1                         100      100        1         1

        CLASS   BANK2          

        CLASS   BANK3          

        CLASS   BANK4          

        CLASS   BANK5          

        CLASS   BANK6          

        CLASS   BANK7          

        CLASS   BANK8          

        CLASS   BANK9          

        CLASS   BANK10         

        CLASS   BANK11         

        CLASS   BANK12         

        CLASS   BANK13         

        CLASS   BANK14         

        CLASS   BANK15         

        CLASS   SFR            

        CLASS   BIGSFR         

        CLASS   CONFIG         
                config                           300000   300000        E         4

        CLASS   IDLOC          

        CLASS   EEDATA         

        CLASS   FARRAM         

        CLASS   HEAP           

        CLASS   STACK          



SEGMENTS        Name                           Load    Length   Top    Selector   Space  Class

                reset_vec                      000000  000004  000004         0       0  CODE    
                cstackCOMRAM                   000001  00007E  00007F         1       1  COMRAM  
                intcode                        000008  00000A  000012         4       0  CODE    
                dataBANK0                      000080  000080  000100        80       1  BANK0   
                cstackBANK1                    000100  000001  000101       100       1  BANK1   
                smallconst                     001000  000016  001016       800       0  SMALLCON
                text0                          001016  00235D  003373       80B       0  CODE    
                text21                         003374  0000F0  003464      19BA       0  CODE    


UNUSED ADDRESS RANGES

        Name                Unused          Largest block    Delta
        BANK1            000101-0001FF               FF
        BANK10           000A00-000AFF              100
        BANK11           000B00-000BFF              100
        BANK12           000C00-000CFF              100
        BANK13           000D00-000DFF              100
        BANK14           000E00-000EFF              100
        BANK15           000F00-000F7F               80
        BANK2            000200-0002FF              100
        BANK3            000300-0003FF              100
        BANK4            000400-0004FF              100
        BANK5            000500-0005FF              100
        BANK6            000600-0006FF              100
        BANK7            000700-0007FF              100
        BANK8            000800-0008FF              100
        BANK9            000900-0009FF              100
        BIGRAM           00007F-00007F                1
                         000101-000F7F              E7F
        BIGSFR           000F80-000FFF               80
        CODE             000004-000007                4
                         000012-000FFF              FEE
                         003373-003373                1
                         003464-00FFFF             CB9C
        COMRAM           00007F-00007F                1
        CONST            000004-000007                4
                         000012-000FFF              FEE
                         003373-003373                1
                         003464-00FFFF             CB9C
        EEDATA           F00000-F003FF              400
        IDLOC            200000-200007                8
        MEDIUMCONST      003373-003373                1
                         003464-00FFFF             CB9C
        RAM              000101-000F7F              100
        SFR              000F80-000FFF               80
        SMALLCONST       003373-003373                1
                         003464-00FFFF              100

                                  Symbol Table

?___fladd                                        cstackCOMRAM 000029
?___fldiv                                        cstackCOMRAM 000010
?___fltol                                        cstackCOMRAM 000039
?___lwdiv                                        cstackCOMRAM 000002
?___xxtofl                                       cstackCOMRAM 000002
GPIO_pIN_DIRECTION_INTIALIZE@config_pin          cstackCOMRAM 000002
GPIO_pIN_DIRECTION_INTIALIZE@ret                 cstackCOMRAM 000008
GPIO_pIN_INTIALIZE@config_pin                    cstackCOMRAM 00000A
GPIO_pIN_INTIALIZE@ret                           cstackCOMRAM 00000C
GPIO_pIN_READ_LOGIC@config_pin                   cstackCOMRAM 000002
GPIO_pIN_READ_LOGIC@logic                        cstackCOMRAM 000003
GPIO_pIN_READ_LOGIC@ret                          cstackCOMRAM 000008
GPIO_pIN_WRITE_LOGIC@config_pin                  cstackCOMRAM 000002
GPIO_pIN_WRITE_LOGIC@logic                       cstackCOMRAM 000003
GPIO_pIN_WRITE_LOGIC@ret                         cstackCOMRAM 000009
I2C_Master_Mode_Clock_Configurations@i2c_obj     cstackCOMRAM 000043
I2C_Slave_Mode_Configurations@i2c_obj            cstackCOMRAM 000002
MSSP_I2C_Init@i2c_obj                            cstackCOMRAM 000045
MSSP_I2C_Init@ret                                cstackCOMRAM 000046
MSSP_I2C_Interrupt_Configurations@i2c_obj        cstackCOMRAM 000002
MSSP_I2C_Master_Read_Blocking@ack                cstackCOMRAM 000003
MSSP_I2C_Master_Read_Blocking@i2c_data           cstackCOMRAM 000004
MSSP_I2C_Master_Read_Blocking@i2c_obj            cstackCOMRAM 000002
MSSP_I2C_Master_Send_Repeated_Start@i2c_obj      cstackCOMRAM 000002
MSSP_I2C_Master_Send_Start@i2c_obj               cstackCOMRAM 000002
MSSP_I2C_Master_Send_Stop@i2c_obj                cstackCOMRAM 000002
MSSP_I2C_Master_Write_Blocking@_ack              cstackCOMRAM 000004
MSSP_I2C_Master_Write_Blocking@i2c_data          cstackCOMRAM 000003
MSSP_I2C_Master_Write_Blocking@i2c_obj           cstackCOMRAM 000002
MSSP_I2C_Master_call_slave@_ack                  cstackCOMRAM 000008
MSSP_I2C_Master_call_slave@address               cstackCOMRAM 000006
MSSP_I2C_Master_call_slave@data                  cstackCOMRAM 000007
MSSP_I2C_Master_call_slave@i2c_obj               cstackCOMRAM 000005
MSSP_I2C_Master_read_data_in_register@_ack       cstackCOMRAM 000009
MSSP_I2C_Master_read_data_in_register@i2c_data_1 cstackCOMRAM 000006
MSSP_I2C_Master_read_data_in_register@i2c_data_2 cstackCOMRAM 000007
MSSP_I2C_Master_read_data_in_register@i2c_obj    cstackCOMRAM 000005
MSSP_I2C_Master_read_data_in_register@ret_data   cstackCOMRAM 000008
RB4_ISR@value                                    cstackCOMRAM 000001
RB5_ISR@value                                    cstackCOMRAM 000001
RB6_ISR@value                                    cstackCOMRAM 000001
RB7_ISR@value                                    cstackCOMRAM 000001
Timer1_init@Timer1                               cstackCOMRAM 000003
_ADCON0bits                                      (abs)        000FC2
_ADCON1bits                                      (abs)        000FC1
_ADCON2bits                                      (abs)        000FC0
_ADC_INTERRUPTHANDLER                            bssCOMRAM    00004D
_ADC_handeler_funvtion                           text55       00345E
_ADRESH                                          (abs)        000FC4
_ADRESL                                          (abs)        000FC3
_BAUDCONbits                                     (abs)        000FB8
_CCP1CONbits                                     (abs)        000FBD
_CCP1_ISR                                        text54       00345A
_CCP1_Interrupthandler                           bssBANK0     0000F8
_CCP2CONbits                                     (abs)        000FBA
_CCP2_ISR                                        text53       003456
_CCP2_Interrupthandler                           bssBANK0     0000F6
_CCPR1L                                          (abs)        000FBE
_CCPR2L                                          (abs)        000FBB
_EEADR                                           (abs)        000FA9
_EEADRH                                          (abs)        000FAA
_EECON1bits                                      (abs)        000FA6
_EECON2                                          (abs)        000FA7
_EEDATA                                          (abs)        000FA8
_GPIO_pIN_DIRECTION_INTIALIZE                    text13       0025A8
_GPIO_pIN_INTIALIZE                              text12       003022
_GPIO_pIN_READ_LOGIC                             text32       0029CA
_GPIO_pIN_WRITE_LOGIC                            text29       0026CE
_I2C_DefaultInterruptHandle                      bssBANK0     0000F2
_I2C_Master_Mode_Clock_Configurations            text22       002B0E
_I2C_Report_Receive_Overflow_InterruptHandle     bssBANK0     0000F0
_I2C_Report_Write_Collision_InterruptHandler     bssBANK0     0000F4
_I2C_Slave_Mode_Configurations                   text21       003374
_INT0_ISR                                        text52       003452
_INT1_ISR                                        text51       00344E
_INT2_ISR                                        text50       00344A
_INTCON2bits                                     (abs)        000FF1
_INTCON3bits                                     (abs)        000FF0
_INTCONbits                                      (abs)        000FF2
_IPR2bits                                        (abs)        000FA2
_Int0_interrupthandler                           bssBANK0     0000EE
_Int1_interrupthandler                           bssBANK0     0000EC
_Int2_interrupthandler                           bssBANK0     0000EA
_LATA                                            (abs)        000F89
_LATB                                            (abs)        000F8A
_LATC                                            (abs)        000F8B
_LATD                                            (abs)        000F8C
_LATE                                            (abs)        000F8D
_MSSP_I2C_BC_ISR                                 text49       003446
_MSSP_I2C_ISR                                    text48       003442
_MSSP_I2C_Init                                   text18       002478
_MSSP_I2C_Interrupt_Configurations               text20       003124
_MSSP_I2C_Master_Read_Blocking                   text4        002C38
_MSSP_I2C_Master_Send_Repeated_Start             text3        00330E
_MSSP_I2C_Master_Send_Start                      text36       003252
_MSSP_I2C_Master_Send_Stop                       text35       00321C
_MSSP_I2C_Master_Write_Blocking                  text34       003080
_MSSP_I2C_Master_call_slave                      text33       003288
_MSSP_I2C_Master_read_data_in_register           text2        002CC0
_MSSP_I2C_Mode_GPIO_CFG                          text19       003438
_PIE1bits                                        (abs)        000F9D
_PIE2bits                                        (abs)        000FA0
_PIR1bits                                        (abs)        000F9E
_PIR2bits                                        (abs)        000FA1
_PORTA                                           (abs)        000F80
_PORTB                                           (abs)        000F81
_PORTBbits                                       (abs)        000F81
_PORTC                                           (abs)        000F82
_PORTD                                           (abs)        000F83
_PORTE                                           (abs)        000F84
_PR2                                             (abs)        000FCB
_RB4_ISR                                         text47       0033DC
_RB4_interrupthandler_high                       bssBANK0     0000E8
_RB4_interrupthandler_low                        bssBANK0     0000E6
_RB5_ISR                                         text46       0033C2
_RB5_interrupthandler_high                       bssBANK0     0000E4
_RB5_interrupthandler_low                        bssBANK0     0000E2
_RB6_ISR                                         text45       0033A8
_RB6_interrupthandler_high                       bssBANK0     0000E0
_RB6_interrupthandler_low                        bssBANK0     0000DE
_RB7_ISR                                         text44       00338E
_RB7_interrupthandler_high                       bssBANK0     0000DC
_RB7_interrupthandler_low                        bssBANK0     0000DA
_RCREG                                           (abs)        000FAE
_RCSTAbits                                       (abs)        000FAB
_SPBRG                                           (abs)        000FAF
_SPBRGH                                          (abs)        000FB0
_SSPADD                                          (abs)        000FC8
_SSPBUF                                          (abs)        000FC9
_SSPCON1bits                                     (abs)        000FC6
_SSPCON2bits                                     (abs)        000FC5
_SSPSTATbits                                     (abs)        000FC7
_T0CONbits                                       (abs)        000FD5
_T1CONbits                                       (abs)        000FCD
_T2CONbits                                       (abs)        000FCA
_T3CONbits                                       (abs)        000FB1
_TIMER0_ISR                                      text43       003424
_TIMER0_Interrupthandler                         bssBANK0     0000D8
_TIMER1_ISR                                      text42       003418
_TIMER1_Interrupthandler                         bssBANK0     0000D6
_TIMER2_ISR                                      text41       003430
_TIMER2_Interrupthandler                         bssBANK0     0000D4
_TIMER3_ISR                                      text40       00340C
_TIMER3_Interrupthandler                         bssBANK0     0000D2
_TMR0H                                           (abs)        000FD7
_TMR0L                                           (abs)        000FD6
_TMR1                                            (abs)        000FCE
_TMR1H                                           (abs)        000FCF
_TMR1L                                           (abs)        000FCE
_TMR2                                            (abs)        000FCC
_TMR3H                                           (abs)        000FB3
_TMR3L                                           (abs)        000FB2
_TRISA                                           (abs)        000F92
_TRISB                                           (abs)        000F93
_TRISC                                           (abs)        000F94
_TRISCbits                                       (abs)        000F94
_TRISD                                           (abs)        000F95
_TRISE                                           (abs)        000F96
_TXREG                                           (abs)        000FAD
_TXSTAbits                                       (abs)        000FAC
_Timer0_preload                                  bssCOMRAM    00004B
_Timer1_1                                        bssBANK0     0000FA
_Timer1_init                                     text14       002A6E
_Timer1_preload                                  bssCOMRAM    000049
_Timer2_1                                        bssBANK0     0000C6
_Timer2_preload                                  bssCOMRAM    000055
_Timer3_preload                                  bssCOMRAM    000047
_USART_FRAMERROR_Interrupthandler                bssBANK0     0000CC
_USART_OVERRUN_Interrupthandler                  bssBANK0     0000CA
_USART_RX_ISR                                    text39       003462
_USART_RX_Interrupthandler                       bssBANK0     0000CE
_USART_TX_ISR                                    text38       00343E
_USART_TX_Interrupthandler                       bssBANK0     0000D0
__HRAM                                           (abs)        000000
__H__absolute__                                  __absolute__ 000000
__Habs1                                          abs1         000000
__Hbank0                                         bank0        000000
__Hbank1                                         bank1        000000
__Hbank10                                        bank10       000000
__Hbank11                                        bank11       000000
__Hbank12                                        bank12       000000
__Hbank13                                        bank13       000000
__Hbank14                                        bank14       000000
__Hbank15                                        bank15       000000
__Hbank2                                         bank2        000000
__Hbank3                                         bank3        000000
__Hbank4                                         bank4        000000
__Hbank5                                         bank5        000000
__Hbank6                                         bank6        000000
__Hbank7                                         bank7        000000
__Hbank8                                         bank8        000000
__Hbank9                                         bank9        000000
__Hbigbss                                        bigbss       000000
__Hbigdata                                       bigdata      000000
__Hbigram                                        bigram       000000
__Hbigsfr                                        bigsfr       000000
__Hbss                                           bss          000000
__HbssBANK0                                      bssBANK0     000000
__HbssCOMRAM                                     bssCOMRAM    000000
__Hcinit                                         cinit        000000
__Hclrtext                                       clrtext      000000
__Hcomram                                        comram       000000
__Hconfig                                        config       30000E
__Hconst                                         const        000000
__HcstackBANK1                                   cstackBANK1  000000
__HcstackCOMRAM                                  cstackCOMRAM 000000
__Hdata                                          data         000000
__HdataBANK0                                     dataBANK0    000000
__HdataCOMRAM                                    dataCOMRAM   000000
__Heeprom_data                                   eeprom_data  000000
__Hfarbss                                        farbss       000000
__Hfardata                                       fardata      000000
__Hheap                                          heap         000000
__Hibigdata                                      ibigdata     000000
__Hidata                                         idata        000000
__HidataBANK0                                    idataBANK0   000000
__HidataCOMRAM                                   idataCOMRAM  000000
__Hidloc                                         idloc        000000
__Hifardata                                      ifardata     000000
__Hinit                                          init         000012
__Hintcode                                       intcode      00000E
__Hintcode_body                                  intcode_body 000000
__Hintcodelo                                     intcodelo    00000E
__Hintentry                                      intentry     000000
__Hintret                                        intret       000000
__Hintsave_regs                                  intsave_regs 000000
__Hirdata                                        irdata       000000
__Hmediumconst                                   mediumconst  000000
__HnvBANK0                                       nvBANK0      000000
__HnvFARRAM                                      nvFARRAM     000000
__Hnvbit                                         nvbit        000000
__Hnvrram                                        nvrram       000000
__Hparam                                         rparam       000000
__Hpowerup                                       powerup      00000E
__Hram                                           ram          000000
__Hramtop                                        ramtop       001000
__Hrbit                                          rbit         000000
__Hrbss                                          rbss         000000
__Hrdata                                         rdata        000000
__Hreset_vec                                     reset_vec    000004
__Hrparam                                        rparam       000000
__Hsfr                                           sfr          000000
__Hsmallconst                                    smallconst   001016
__Hspace_0                                       (abs)        003464
__Hspace_1                                       (abs)        000101
__Hspace_2                                       (abs)        000000
__Hspace_4                                       (abs)        60000E
__Hstack                                         stack        000000
__Hstruct                                        struct       000000
__Htemp                                          temp         00007F
__Htext                                          text         000000
__Htext0                                         text0        000000
__Htext1                                         text1        000000
__Htext10                                        text10       000000
__Htext11                                        text11       000000
__Htext12                                        text12       000000
__Htext13                                        text13       000000
__Htext14                                        text14       000000
__Htext15                                        text15       000000
__Htext16                                        text16       000000
__Htext17                                        text17       000000
__Htext18                                        text18       000000
__Htext19                                        text19       000000
__Htext2                                         text2        000000
__Htext20                                        text20       000000
__Htext21                                        text21       000000
__Htext22                                        text22       000000
__Htext23                                        text23       000000
__Htext24                                        text24       000000
__Htext25                                        text25       000000
__Htext26                                        text26       000000
__Htext27                                        text27       000000
__Htext28                                        text28       000000
__Htext29                                        text29       000000
__Htext3                                         text3        000000
__Htext30                                        text30       000000
__Htext31                                        text31       000000
__Htext32                                        text32       000000
__Htext33                                        text33       000000
__Htext34                                        text34       000000
__Htext35                                        text35       000000
__Htext36                                        text36       000000
__Htext38                                        text38       000000
__Htext39                                        text39       000000
__Htext4                                         text4        000000
__Htext40                                        text40       000000
__Htext41                                        text41       000000
__Htext42                                        text42       000000
__Htext43                                        text43       000000
__Htext44                                        text44       000000
__Htext45                                        text45       000000
__Htext46                                        text46       000000
__Htext47                                        text47       000000
__Htext48                                        text48       000000
__Htext49                                        text49       000000
__Htext5                                         text5        000000
__Htext50                                        text50       000000
__Htext51                                        text51       000000
__Htext52                                        text52       000000
__Htext53                                        text53       000000
__Htext54                                        text54       000000
__Htext55                                        text55       000000
__Htext6                                         text6        000000
__Htext7                                         text7        000000
__Htext8                                         text8        000000
__Htext9                                         text9        000000
__LRAM                                           (abs)        000001
__L__absolute__                                  __absolute__ 000000
__Labs1                                          abs1         000000
__Lbank0                                         bank0        000000
__Lbank1                                         bank1        000000
__Lbank10                                        bank10       000000
__Lbank11                                        bank11       000000
__Lbank12                                        bank12       000000
__Lbank13                                        bank13       000000
__Lbank14                                        bank14       000000
__Lbank15                                        bank15       000000
__Lbank2                                         bank2        000000
__Lbank3                                         bank3        000000
__Lbank4                                         bank4        000000
__Lbank5                                         bank5        000000
__Lbank6                                         bank6        000000
__Lbank7                                         bank7        000000
__Lbank8                                         bank8        000000
__Lbank9                                         bank9        000000
__Lbigbss                                        bigbss       000000
__Lbigdata                                       bigdata      000000
__Lbigram                                        bigram       000000
__Lbigsfr                                        bigsfr       000000
__Lbss                                           bss          000000
__LbssBANK0                                      bssBANK0     000000
__LbssCOMRAM                                     bssCOMRAM    000000
__Lcinit                                         cinit        000000
__Lclrtext                                       clrtext      000000
__Lcomram                                        comram       000000
__Lconfig                                        config       000000
__Lconst                                         const        000000
__LcstackBANK1                                   cstackBANK1  000000
__LcstackCOMRAM                                  cstackCOMRAM 000000
__Ldata                                          data         000000
__LdataBANK0                                     dataBANK0    000000
__LdataCOMRAM                                    dataCOMRAM   000000
__Leeprom_data                                   eeprom_data  000000
__Lfarbss                                        farbss       000000
__Lfardata                                       fardata      000000
__Lheap                                          heap         000000
__Libigdata                                      ibigdata     000000
__Lidata                                         idata        000000
__LidataBANK0                                    idataBANK0   000000
__LidataCOMRAM                                   idataCOMRAM  000000
__Lidloc                                         idloc        000000
__Lifardata                                      ifardata     000000
__Linit                                          init         00000E
__Lintcode                                       intcode      000008
__Lintcode_body                                  intcode_body 000000
__Lintcodelo                                     intcodelo    00000E
__Lintentry                                      intentry     000000
__Lintret                                        intret       000000
__Lintsave_regs                                  intsave_regs 000000
__Lirdata                                        irdata       000000
__Lmediumconst                                   mediumconst  000000
__LnvBANK0                                       nvBANK0      000000
__LnvFARRAM                                      nvFARRAM     000000
__Lnvbit                                         nvbit        000000
__Lnvrram                                        nvrram       000000
__Lparam                                         rparam       000000
__Lpowerup                                       powerup      00000E
__Lram                                           ram          000000
__Lramtop                                        ramtop       001000
__Lrbit                                          rbit         000000
__Lrbss                                          rbss         000000
__Lrdata                                         rdata        000000
__Lreset_vec                                     reset_vec    000000
__Lrparam                                        rparam       000000
__Lsfr                                           sfr          000000
__Lsmallconst                                    smallconst   001000
__Lspace_0                                       (abs)        000000
__Lspace_1                                       (abs)        000000
__Lspace_2                                       (abs)        000000
__Lspace_4                                       (abs)        000000
__Lstack                                         stack        000000
__Lstruct                                        struct       000000
__Ltemp                                          temp         00007E
__Ltext                                          text         000000
__Ltext0                                         text0        000000
__Ltext1                                         text1        000000
__Ltext10                                        text10       000000
__Ltext11                                        text11       000000
__Ltext12                                        text12       000000
__Ltext13                                        text13       000000
__Ltext14                                        text14       000000
__Ltext15                                        text15       000000
__Ltext16                                        text16       000000
__Ltext17                                        text17       000000
__Ltext18                                        text18       000000
__Ltext19                                        text19       000000
__Ltext2                                         text2        000000
__Ltext20                                        text20       000000
__Ltext21                                        text21       000000
__Ltext22                                        text22       000000
__Ltext23                                        text23       000000
__Ltext24                                        text24       000000
__Ltext25                                        text25       000000
__Ltext26                                        text26       000000
__Ltext27                                        text27       000000
__Ltext28                                        text28       000000
__Ltext29                                        text29       000000
__Ltext3                                         text3        000000
__Ltext30                                        text30       000000
__Ltext31                                        text31       000000
__Ltext32                                        text32       000000
__Ltext33                                        text33       000000
__Ltext34                                        text34       000000
__Ltext35                                        text35       000000
__Ltext36                                        text36       000000
__Ltext38                                        text38       000000
__Ltext39                                        text39       000000
__Ltext4                                         text4        000000
__Ltext40                                        text40       000000
__Ltext41                                        text41       000000
__Ltext42                                        text42       000000
__Ltext43                                        text43       000000
__Ltext44                                        text44       000000
__Ltext45                                        text45       000000
__Ltext46                                        text46       000000
__Ltext47                                        text47       000000
__Ltext48                                        text48       000000
__Ltext49                                        text49       000000
__Ltext5                                         text5        000000
__Ltext50                                        text50       000000
__Ltext51                                        text51       000000
__Ltext52                                        text52       000000
__Ltext53                                        text53       000000
__Ltext54                                        text54       000000
__Ltext55                                        text55       000000
__Ltext6                                         text6        000000
__Ltext7                                         text7        000000
__Ltext8                                         text8        000000
__Ltext9                                         text9        000000
__S0                                             (abs)        003464
__S1                                             (abs)        000101
__S4                                             (abs)        000000
__S5                                             (abs)        000000
___fladd                                         text26       001684
___fladd@a                                       cstackCOMRAM 00002D
___fladd@aexp                                    cstackCOMRAM 000036
___fladd@b                                       cstackCOMRAM 000029
___fladd@bexp                                    cstackCOMRAM 000037
___fladd@grs                                     cstackCOMRAM 000038
___fladd@signs                                   cstackCOMRAM 000035
___fldiv                                         text25       001F2A
___fldiv@a                                       cstackCOMRAM 000014
___fldiv@aexp                                    cstackCOMRAM 000028
___fldiv@b                                       cstackCOMRAM 000010
___fldiv@bexp                                    cstackCOMRAM 000027
___fldiv@grs                                     cstackCOMRAM 000023
___fldiv@new_exp                                 cstackCOMRAM 000021
___fldiv@rem                                     cstackCOMRAM 00001C
___fldiv@sign                                    cstackCOMRAM 000020
___fltol                                         text24       0027DE
___fltol@exp1                                    cstackCOMRAM 000042
___fltol@f1                                      cstackCOMRAM 000039
___fltol@sign1                                   cstackCOMRAM 000041
___heap_hi                                       (abs)        000000
___heap_lo                                       (abs)        000000
___inthi_sp                                      stack        000000
___inthi_stack_hi                                stack        000000
___inthi_stack_lo                                stack        000000
___intlo_sp                                      stack        000000
___intlo_stack_hi                                stack        000000
___intlo_stack_lo                                stack        000000
___lwdiv                                         text31       002DB2
___lwdiv@counter                                 cstackCOMRAM 000008
___lwdiv@dividend                                cstackCOMRAM 000002
___lwdiv@divisor                                 cstackCOMRAM 000004
___lwdiv@quotient                                cstackCOMRAM 000006
___param_bank                                    (abs)        000000
___rparam_used                                   (abs)        000001
___sp                                            stack        000000
___stack_hi                                      stack        000000
___stack_lo                                      stack        000000
___xxtofl                                        text23       0022C4
___xxtofl@arg                                    cstackCOMRAM 00000C
___xxtofl@exp                                    cstackCOMRAM 00000B
___xxtofl@sign                                   cstackCOMRAM 00000A
___xxtofl@val                                    cstackCOMRAM 000002
__accesstop                                      (abs)        000080
__ack                                            bssCOMRAM    000062
__activetblptr                                   (abs)        000003
__end_of_ADC_handeler_funvtion                   text55       003462
__end_of_CCP1_ISR                                text54       00345E
__end_of_CCP2_ISR                                text53       00345A
__end_of_GPIO_pIN_DIRECTION_INTIALIZE            text13       0026CE
__end_of_GPIO_pIN_INTIALIZE                      text12       003080
__end_of_GPIO_pIN_READ_LOGIC                     text32       002A6E
__end_of_GPIO_pIN_WRITE_LOGIC                    text29       0027DE
__end_of_I2C_Master_Mode_Clock_Configurations    text22       002BA4
__end_of_I2C_Slave_Mode_Configurations           text21       00338E
__end_of_INT0_ISR                                text52       003456
__end_of_INT1_ISR                                text51       003452
__end_of_INT2_ISR                                text50       00344E
__end_of_MSSP_I2C_BC_ISR                         text49       00344A
__end_of_MSSP_I2C_ISR                            text48       003446
__end_of_MSSP_I2C_Init                           text18       0025A8
__end_of_MSSP_I2C_Interrupt_Configurations       text20       003168
__end_of_MSSP_I2C_Master_Read_Blocking           text4        002CC0
__end_of_MSSP_I2C_Master_Send_Repeated_Start     text3        003336
__end_of_MSSP_I2C_Master_Send_Start              text36       003288
__end_of_MSSP_I2C_Master_Send_Stop               text35       003252
__end_of_MSSP_I2C_Master_Write_Blocking          text34       0030DE
__end_of_MSSP_I2C_Master_call_slave              text33       0032BA
__end_of_MSSP_I2C_Master_read_data_in_register   text2        002D3C
__end_of_MSSP_I2C_Mode_GPIO_CFG                  text19       00343E
__end_of_RB4_ISR                                 text47       0033F6
__end_of_RB5_ISR                                 text46       0033DC
__end_of_RB6_ISR                                 text45       0033C2
__end_of_RB7_ISR                                 text44       0033A8
__end_of_TIMER0_ISR                              text43       003430
__end_of_TIMER1_ISR                              text42       003424
__end_of_TIMER2_ISR                              text41       003438
__end_of_TIMER3_ISR                              text40       003418
__end_of_Timer1_init                             text14       002B0E
__end_of_USART_RX_ISR                            text39       003464
__end_of_USART_TX_ISR                            text38       003442
__end_of___fladd                                 text26       001B44
__end_of___fldiv                                 text25       0022C4
__end_of___fltol                                 text24       0028E4
__end_of___lwdiv                                 text31       002E26
__end_of___xxtofl                                text23       002478
__end_of__initialization                         cinit        002FB8
__end_of_distance_ultrasonic                     text27       00340C
__end_of_interrupt_manager                       intcode_body 001F2A
__end_of_intitialized_functions                  text8        003124
__end_of_keypad_get_value                        text7        0029CA
__end_of_keypad_intialize                        text11       003022
__end_of_led_intialize                           text10       002F60
__end_of_led_turn_off                            text6        002EFA
__end_of_led_turn_on                             text5        002E90
__end_of_main                                    text0        001684
__end_of_measure_distance_                       text30       002C38
__end_of_send_start                              text28       003358
__end_of_tc74_read_value                         text1        0032E4
__end_of_timer1_mode_cfg                         text17       002DB2
__end_of_timer1_osc_cfg                          text16       00321C
__end_of_timer1_reg_bit_cfg                      text15       0031E2
__end_of_ultrasonic_initialize                   text9        00330E
__end_of_value_ret                               smallconst   001011
__initialization                                 cinit        002F60
__mediumconst                                    mediumconst  000000
__pbssBANK0                                      bssBANK0     0000C0
__pbssCOMRAM                                     bssCOMRAM    000047
__pcinit                                         cinit        002F60
__pcstackBANK1                                   cstackBANK1  000100
__pcstackCOMRAM                                  cstackCOMRAM 000001
__pdataBANK0                                     dataBANK0    000080
__pdataCOMRAM                                    dataCOMRAM   000063
__pidataBANK0                                    idataBANK0   003168
__pidataCOMRAM                                   idataCOMRAM  003358
__pintcode                                       intcode      000008
__pintcode_body                                  intcode_body 001B44
__pnvBANK0                                       nvBANK0      0000FF
__psmallconst                                    smallconst   001000
__ptext0                                         text0        001016
__ptext1                                         text1        0032BA
__ptext10                                        text10       002EFA
__ptext11                                        text11       002FC2
__ptext12                                        text12       003022
__ptext13                                        text13       0025A8
__ptext14                                        text14       002A6E
__ptext15                                        text15       0031A8
__ptext16                                        text16       0031E2
__ptext17                                        text17       002D3C
__ptext18                                        text18       002478
__ptext19                                        text19       003438
__ptext2                                         text2        002CC0
__ptext20                                        text20       003124
__ptext21                                        text21       003374
__ptext22                                        text22       002B0E
__ptext23                                        text23       0022C4
__ptext24                                        text24       0027DE
__ptext25                                        text25       001F2A
__ptext26                                        text26       001684
__ptext27                                        text27       0033F6
__ptext28                                        text28       003336
__ptext29                                        text29       0026CE
__ptext3                                         text3        00330E
__ptext30                                        text30       002BA4
__ptext31                                        text31       002DB2
__ptext32                                        text32       0029CA
__ptext33                                        text33       003288
__ptext34                                        text34       003080
__ptext35                                        text35       00321C
__ptext36                                        text36       003252
__ptext38                                        text38       00343E
__ptext39                                        text39       003462
__ptext4                                         text4        002C38
__ptext40                                        text40       00340C
__ptext41                                        text41       003430
__ptext42                                        text42       003418
__ptext43                                        text43       003424
__ptext44                                        text44       00338E
__ptext45                                        text45       0033A8
__ptext46                                        text46       0033C2
__ptext47                                        text47       0033DC
__ptext48                                        text48       003442
__ptext49                                        text49       003446
__ptext5                                         text5        002E26
__ptext50                                        text50       00344A
__ptext51                                        text51       00344E
__ptext52                                        text52       003452
__ptext53                                        text53       003456
__ptext54                                        text54       00345A
__ptext55                                        text55       00345E
__ptext6                                         text6        002E90
__ptext7                                         text7        0028E4
__ptext8                                         text8        0030DE
__ptext9                                         text9        0032E4
__ramtop                                         ramtop       001000
__smallconst                                     smallconst   001000
_button_1                                        dataBANK0    0000B3
_button_2                                        dataBANK0    0000B0
_buzzer                                          dataCOMRAM   00007B
_ccp1_                                           dataBANK0    000080
_data_key_1                                      bssCOMRAM    00005E
_data_key_send                                   bssCOMRAM    00004F
_distance_ultrasonic                             text27       0033F6
_flag1                                           dataCOMRAM   000066
_flag2                                           dataCOMRAM   000065
_flag3                                           dataCOMRAM   000064
_flag4                                           dataCOMRAM   000063
_i2c_ack                                         bssCOMRAM    000050
_i2c_data                                        bssCOMRAM    000051
_interrupt_manager                               intcode      000008
_intitialized_functions                          text8        0030DE
_keypad_get_value                                text7        0028E4
_keypad_intialize                                text11       002FC2
_lat_regisrers                                   dataBANK0    00008A
_led4                                            dataCOMRAM   00007D
_led6                                            dataCOMRAM   00007C
_led_1                                           dataCOMRAM   00006A
_led_2                                           dataCOMRAM   000069
_led_intialize                                   text10       002EFA
_led_turn_off                                    text6        002E90
_led_turn_on                                     text5        002E26
_main                                            text0        001016
_matrix_keypad                                   dataBANK0    0000B6
_matrix_keypad_1                                 dataBANK0    0000A8
_measure_distance_                               text30       002BA4
_mssp_i2c                                        dataCOMRAM   00006B
_port_regisrers                                  dataBANK0    000094
_relay_1                                         dataCOMRAM   000068
_relay_2                                         dataCOMRAM   000067
_ret                                             nvBANK0      0000FF
_ret_data_1                                      bssCOMRAM    000061
_ret_data_2                                      bssCOMRAM    000060
_ret_data_3                                      bssCOMRAM    00005F
_send_start                                      text28       003336
_servo1                                          dataCOMRAM   00007A
_tc74_read_value                                 text1        0032BA
_timer1_mode_cfg                                 text17       002D3C
_timer1_osc_cfg                                  text16       0031E2
_timer1_reg_bit_cfg                              text15       0031A8
_tris_regisrers                                  dataBANK0    00009E
_ultra_data                                      bssCOMRAM    000053
_ultra_data_int_                                 bssCOMRAM    000052
_ultra_pins                                      dataBANK0    0000BE
_ultrasonic_initialize                           text9        0032E4
_value_ret                                       smallconst   001001
btemp                                            temp         00007E
distance_ultrasonic@l_variable                   cstackCOMRAM 00000E
distance_ultrasonic@ultra_pins                   cstackCOMRAM 00000D
end_of_initialization                            cinit        002FB8
int$flags                                        temp         00007E
int_func                                         intcode_body 001B44
intlevel0                                        text         000000
intlevel1                                        text         000000
intlevel2                                        text         000000
intlevel3                                        text         000000
isa$std                                          (abs)        000001
isa$xinst                                        (abs)        000000
keypad_get_value@colum_logic                     cstackCOMRAM 00000D
keypad_get_value@l_colum_counter                 cstackCOMRAM 000010
keypad_get_value@l_counter                       cstackCOMRAM 00000E
keypad_get_value@l_row_counter                   cstackCOMRAM 00000F
keypad_get_value@matrix_keypad                   cstackCOMRAM 00000A
keypad_get_value@value                           cstackCOMRAM 00000B
keypad_intialize@l_colum_counter                 cstackCOMRAM 00000F
keypad_intialize@l_row_counter                   cstackCOMRAM 00000E
keypad_intialize@matrix_keypad                   cstackCOMRAM 00000D
led_intialize@F3060                              bssCOMRAM    00005D
led_intialize@led                                cstackCOMRAM 00000D
led_intialize@pin_config                         cstackCOMRAM 00000F
led_toggle@F3075                                 bssCOMRAM    00005A
led_turn_off@F3070                               bssCOMRAM    00005B
led_turn_off@led                                 cstackCOMRAM 00000A
led_turn_off@pin_config                          cstackCOMRAM 00000C
led_turn_on@F3065                                bssCOMRAM    00005C
led_turn_on@led                                  cstackCOMRAM 00000A
led_turn_on@pin_config                           cstackCOMRAM 00000C
measure_distance_@pulse_width                    cstackCOMRAM 00000A
measure_distance_@ultra_pins                     cstackCOMRAM 000009
measure_distance_@variable                       cstackCOMRAM 00000C
relay_intialize@F3060                            bssCOMRAM    000059
relay_toggle@F3075                               bssCOMRAM    000056
relay_turn_off@F3070                             bssCOMRAM    000057
relay_turn_on@F3065                              bssCOMRAM    000058
send_start@ultra_pins                            cstackCOMRAM 00000A
stackhi                                          (abs)        000000
stacklo                                          (abs)        000000
start                                            init         00000E
start_initialization                             cinit        002F60
tc74_read_value@_ack                             cstackCOMRAM 00000F
tc74_read_value@i2c_data_1                       cstackCOMRAM 00000C
tc74_read_value@i2c_data_2                       cstackCOMRAM 00000D
tc74_read_value@i2c_obj                          cstackCOMRAM 00000B
tc74_read_value@ret_data                         cstackCOMRAM 00000E
timer1_mode_cfg@Timer1                           cstackCOMRAM 000002
timer1_osc_cfg@Timer1                            cstackCOMRAM 000002
timer1_reg_bit_cfg@Timer1                        cstackCOMRAM 000002
ttemp5                                           temp         00007F
ttemp6                                           temp         000082
ttemp7                                           temp         000086
ultrasonic_initialize@ultra_pins                 cstackCOMRAM 00000D
wtemp8                                           temp         00007F


MODULE INFORMATION

Module		Function		Class		Link	Load	Size
ECU_layer/ultrasonic/hal_ultrasonic.c
		_measure_distance_		CODE           	2BA4	0000	148
		_send_start    		CODE           	3336	0000	34
		_distance_ultrasonic		CODE           	33F6	0000	22
		_ultrasonic_initialize		CODE           	32E4	0000	42

ECU_layer/ultrasonic/hal_ultrasonic.c estimated size: 246

MKAL_layer/USART/hal_usart.c
		_USART_RX_ISR  		CODE           	3462	0000	2
		_USART_TX_ISR  		CODE           	343E	0000	4

MKAL_layer/USART/hal_usart.c estimated size: 6

MKAL_layer/timer/hal_timer0.c
		_TIMER0_ISR    		CODE           	3424	0000	12

MKAL_layer/timer/hal_timer0.c estimated size: 12

MKAL_layer/I2C/hal_i2c.c
		_MSSP_I2C_ISR  		CODE           	3442	0000	4
		_MSSP_I2C_Master_Send_Repeated_Start		CODE           	330E	0000	40
		_MSSP_I2C_Init 		CODE           	2478	0000	304
		_MSSP_I2C_Master_Send_Stop		CODE           	321C	0000	54
		_MSSP_I2C_Master_Send_Start		CODE           	3252	0000	54
		_MSSP_I2C_Interrupt_Configurations		CODE           	3124	0000	68
		_MSSP_I2C_Master_call_slave		CODE           	3288	0000	50
		_MSSP_I2C_Master_Read_Blocking		CODE           	2C38	0000	136
		_MSSP_I2C_BC_ISR		CODE           	3446	0000	4
		_I2C_Slave_Mode_Configurations		CODE           	3374	0000	26
		_I2C_Master_Mode_Clock_Configurations		CODE           	2B0E	0000	150
		_MSSP_I2C_Mode_GPIO_CFG		CODE           	3438	0000	6
		_MSSP_I2C_Master_Write_Blocking		CODE           	3080	0000	94
		_MSSP_I2C_Master_read_data_in_register		CODE           	2CC0	0000	124

MKAL_layer/I2C/hal_i2c.c estimated size: 1114

MKAL_layer/gpio/pro_gpio.c
		_GPIO_pIN_READ_LOGIC		CODE           	29CA	0000	164
		_GPIO_pIN_WRITE_LOGIC		CODE           	26CE	0000	272
		_GPIO_pIN_INTIALIZE		CODE           	3022	0000	94
		_GPIO_pIN_DIRECTION_INTIALIZE		CODE           	25A8	0000	294

MKAL_layer/gpio/pro_gpio.c estimated size: 824

MKAL_layer/timer3/hal_timer3.c
		_TIMER3_ISR    		CODE           	340C	0000	12

MKAL_layer/timer3/hal_timer3.c estimated size: 12

C:\Program Files\Microchip\xc8\v2.45\pic\sources\c99\common\sprcdiv.c
		___fldiv       		CODE           	1F2A	0000	922

C:\Program Files\Microchip\xc8\v2.45\pic\sources\c99\common\sprcdiv.c estimated size: 922

MKAL_layer/ADC/hal_adc.c
		_ADC_handeler_funvtion		CODE           	345E	0000	4

MKAL_layer/ADC/hal_adc.c estimated size: 4

MKAL_layer/CCP1/hal_ccp1.c
		_CCP1_ISR      		CODE           	345A	0000	4

MKAL_layer/CCP1/hal_ccp1.c estimated size: 4

ECU_layer/TC74/hal_tc74.c
		_tc74_read_value		CODE           	32BA	0000	42

ECU_layer/TC74/hal_tc74.c estimated size: 42

MKAL_layer/timer2/hal_timer2.c
		_TIMER2_ISR    		CODE           	3430	0000	8

MKAL_layer/timer2/hal_timer2.c estimated size: 8

MKAL_layer/timer1/hal_timer1.c
		_timer1_osc_cfg		CODE           	31E2	0000	58
		_TIMER1_ISR    		CODE           	3418	0000	12
		_timer1_reg_bit_cfg		CODE           	31A8	0000	58
		_timer1_mode_cfg		CODE           	2D3C	0000	118
		_Timer1_init   		CODE           	2A6E	0000	160

MKAL_layer/timer1/hal_timer1.c estimated size: 406

MKAL_layer/Interrupt/mcal_external_interrupt.c
		_RB4_ISR       		CODE           	33DC	0000	26
		_RB5_ISR       		CODE           	33C2	0000	26
		_RB6_ISR       		CODE           	33A8	0000	26
		_RB7_ISR       		CODE           	338E	0000	26
		_INT0_ISR      		CODE           	3452	0000	4
		_INT1_ISR      		CODE           	344E	0000	4
		_INT2_ISR      		CODE           	344A	0000	4

MKAL_layer/Interrupt/mcal_external_interrupt.c estimated size: 116

ECU_layer/matrix_keypad/ecu_keymap.c
		_keypad_get_value		CODE           	28E4	0000	230
		_keypad_intialize		CODE           	2FC2	0000	96

ECU_layer/matrix_keypad/ecu_keymap.c estimated size: 326

shared
		__initialization		CODE           	2F60	0000	88
		_value_ret     		SMALLCONST     	1001	0000	16

shared estimated size: 104

C:\Program Files\Microchip\xc8\v2.45\pic\sources\c99\common\xxtofl.c
		___xxtofl      		CODE           	22C4	0000	436

C:\Program Files\Microchip\xc8\v2.45\pic\sources\c99\common\xxtofl.c estimated size: 436

ECU_layer/LED/ecu_led.c
		_led_turn_on   		CODE           	2E26	0000	106
		_led_turn_off  		CODE           	2E90	0000	106
		_led_intialize 		CODE           	2EFA	0000	102

ECU_layer/LED/ecu_led.c estimated size: 314

MKAL_layer/Interrupt/mcal_interrupt_manager.c
		_interrupt_manager		CODE           	0008	0000	1004

MKAL_layer/Interrupt/mcal_interrupt_manager.c estimated size: 1004

C:\Program Files\Microchip\xc8\v2.45\pic\sources\c99\common\sprcadd.c
		___fladd       		CODE           	1684	0000	1216

C:\Program Files\Microchip\xc8\v2.45\pic\sources\c99\common\sprcadd.c estimated size: 1216

main.c
		_main          		CODE           	1016	0000	1646
		_intitialized_functions		CODE           	30DE	0000	70

main.c estimated size: 1716

MKAL_layer/CCP2/hal_ccp2.c
		_CCP2_ISR      		CODE           	3456	0000	4

MKAL_layer/CCP2/hal_ccp2.c estimated size: 4

C:\Program Files\Microchip\xc8\v2.45\pic\sources\c99\common\lwdiv.c
		___lwdiv       		CODE           	2DB2	0000	116

C:\Program Files\Microchip\xc8\v2.45\pic\sources\c99\common\lwdiv.c estimated size: 116

C:\Program Files\Microchip\xc8\v2.45\pic\sources\c99\common\fltol.c
		___fltol       		CODE           	27DE	0000	262

C:\Program Files\Microchip\xc8\v2.45\pic\sources\c99\common\fltol.c estimated size: 262

